Component: Arm Compiler for Embedded 6.19 Tool: armlink [5e73cb00]

==============================================================================

Section Cross References

    startup_stm32f407xx.o(STACK) refers (Special) to heapauxi.o(.text) for __use_two_region_memory
    startup_stm32f407xx.o(HEAP) refers (Special) to heapauxi.o(.text) for __use_two_region_memory
    startup_stm32f407xx.o(RESET) refers (Special) to heapauxi.o(.text) for __use_two_region_memory
    startup_stm32f407xx.o(RESET) refers to startup_stm32f407xx.o(STACK) for __initial_sp
    startup_stm32f407xx.o(RESET) refers to startup_stm32f407xx.o(.text) for Reset_Handler
    startup_stm32f407xx.o(RESET) refers to stm32f4xx_it.o(.text.NMI_Handler) for NMI_Handler
    startup_stm32f407xx.o(RESET) refers to stm32f4xx_it.o(.text.HardFault_Handler) for HardFault_Handler
    startup_stm32f407xx.o(RESET) refers to stm32f4xx_it.o(.text.MemManage_Handler) for MemManage_Handler
    startup_stm32f407xx.o(RESET) refers to stm32f4xx_it.o(.text.BusFault_Handler) for BusFault_Handler
    startup_stm32f407xx.o(RESET) refers to stm32f4xx_it.o(.text.UsageFault_Handler) for UsageFault_Handler
    startup_stm32f407xx.o(RESET) refers to stm32f4xx_it.o(.text.SVC_Handler) for SVC_Handler
    startup_stm32f407xx.o(RESET) refers to stm32f4xx_it.o(.text.DebugMon_Handler) for DebugMon_Handler
    startup_stm32f407xx.o(RESET) refers to stm32f4xx_it.o(.text.PendSV_Handler) for PendSV_Handler
    startup_stm32f407xx.o(RESET) refers to stm32f4xx_it.o(.text.SysTick_Handler) for SysTick_Handler
    startup_stm32f407xx.o(RESET) refers to stm32f4xx_it.o(.text.TIM4_IRQHandler) for TIM4_IRQHandler
    startup_stm32f407xx.o(RESET) refers to stm32f4xx_it.o(.text.USART1_IRQHandler) for USART1_IRQHandler
    startup_stm32f407xx.o(.text) refers (Special) to heapauxi.o(.text) for __use_two_region_memory
    startup_stm32f407xx.o(.text) refers to system_stm32f4xx.o(.text.SystemInit) for SystemInit
    startup_stm32f407xx.o(.text) refers to __main.o(!!!main) for __main
    startup_stm32f407xx.o(.text) refers to startup_stm32f407xx.o(HEAP) for Heap_Mem
    startup_stm32f407xx.o(.text) refers to startup_stm32f407xx.o(STACK) for Stack_Mem
    p5.o(.text.scan16S) refers to p5.o(.rodata..Lswitch.table.ngatquetled) for .Lswitch.table.ngatquetled
    p5.o(.ARM.exidx.text.scan16S) refers to p5.o(.text.scan16S) for [Anonymous Symbol]
    p5.o(.ARM.exidx.text.chuyen) refers to p5.o(.text.chuyen) for [Anonymous Symbol]
    p5.o(.text.ngatquetled) refers to p5.o(.bss.dem_hang) for dem_hang
    p5.o(.text.ngatquetled) refers to p5.o(.bss.buffer_display) for buffer_display
    p5.o(.text.ngatquetled) refers to p5.o(.rodata..Lswitch.table.ngatquetled) for .Lswitch.table.ngatquetled
    p5.o(.ARM.exidx.text.ngatquetled) refers to p5.o(.text.ngatquetled) for [Anonymous Symbol]
    p5.o(.text.Matrix_chonvitri) refers to p5.o(.bss..L_MergedGlobals) for .L_MergedGlobals
    p5.o(.ARM.exidx.text.Matrix_chonvitri) refers to p5.o(.text.Matrix_chonvitri) for [Anonymous Symbol]
    p5.o(.text.Matrix_setpx) refers to p5.o(.bss.buffer_display) for buffer_display
    p5.o(.ARM.exidx.text.Matrix_setpx) refers to p5.o(.text.Matrix_setpx) for [Anonymous Symbol]
    p5.o(.text.Matrix_guikitu) refers to p5.o(.bss..L_MergedGlobals) for .L_MergedGlobals
    p5.o(.text.Matrix_guikitu) refers to p5.o(.data.font) for font
    p5.o(.text.Matrix_guikitu) refers to p5.o(.bss.buffer_display) for buffer_display
    p5.o(.ARM.exidx.text.Matrix_guikitu) refers to p5.o(.text.Matrix_guikitu) for [Anonymous Symbol]
    p5.o(.text.Matrix_guichuoi) refers to p5.o(.text.Matrix_guikitu) for Matrix_guikitu
    p5.o(.ARM.exidx.text.Matrix_guichuoi) refers to p5.o(.text.Matrix_guichuoi) for [Anonymous Symbol]
    p5.o(.text.Matrix_guichuoi_MAKE_COLOR) refers to p5.o(.text.Matrix_guikitu) for Matrix_guikitu
    p5.o(.ARM.exidx.text.Matrix_guichuoi_MAKE_COLOR) refers to p5.o(.text.Matrix_guichuoi_MAKE_COLOR) for [Anonymous Symbol]
    p5.o(.text.Matrix_showIcon) refers to p5.o(.rodata.icon) for icon
    p5.o(.text.Matrix_showIcon) refers to p5.o(.bss.buffer_display) for buffer_display
    p5.o(.ARM.exidx.text.Matrix_showIcon) refers to p5.o(.text.Matrix_showIcon) for [Anonymous Symbol]
    p5.o(.text.Matrix_clearArea) refers to p5.o(.bss.buffer_display) for buffer_display
    p5.o(.ARM.exidx.text.Matrix_clearArea) refers to p5.o(.text.Matrix_clearArea) for [Anonymous Symbol]
    mk_dht11.o(.ARM.exidx.text.init_dht11) refers to mk_dht11.o(.text.init_dht11) for [Anonymous Symbol]
    mk_dht11.o(.text.set_dht11_gpio_mode) refers to stm32f4xx_hal_gpio.o(.text.HAL_GPIO_Init) for HAL_GPIO_Init
    mk_dht11.o(.ARM.exidx.text.set_dht11_gpio_mode) refers to mk_dht11.o(.text.set_dht11_gpio_mode) for [Anonymous Symbol]
    mk_dht11.o(.text.readDHT11) refers to stm32f4xx_hal_gpio.o(.text.HAL_GPIO_Init) for HAL_GPIO_Init
    mk_dht11.o(.text.readDHT11) refers to stm32f4xx_hal_gpio.o(.text.HAL_GPIO_WritePin) for HAL_GPIO_WritePin
[...]
    $v0                                      0x08006ae0   Number         0  dcmpi.o(x$fpl$dcmpinf)
    x$fpl$dcmpinf                            0x08006ae0   Section       24  dcmpi.o(x$fpl$dcmpinf)
    $v0                                      0x08006af8   Number         0  ddiv.o(x$fpl$ddiv)
    x$fpl$ddiv                               0x08006af8   Section      692  ddiv.o(x$fpl$ddiv)
    ddiv_entry                               0x08006aff   Thumb Code     0  ddiv.o(x$fpl$ddiv)
    $v0                                      0x08006dac   Number         0  deqf.o(x$fpl$deqf)
    x$fpl$deqf                               0x08006dac   Section      120  deqf.o(x$fpl$deqf)
    $v0                                      0x08006e24   Number         0  dleqf.o(x$fpl$dleqf)
    x$fpl$dleqf                              0x08006e24   Section      120  dleqf.o(x$fpl$dleqf)
    $v0                                      0x08006e9c   Number         0  dmul.o(x$fpl$dmul)
    x$fpl$dmul                               0x08006e9c   Section      340  dmul.o(x$fpl$dmul)
    $v0                                      0x08006ff0   Number         0  dnaninf.o(x$fpl$dnaninf)
    x$fpl$dnaninf                            0x08006ff0   Section      156  dnaninf.o(x$fpl$dnaninf)
    $v0                                      0x0800708c   Number         0  dretinf.o(x$fpl$dretinf)
    x$fpl$dretinf                            0x0800708c   Section       12  dretinf.o(x$fpl$dretinf)
    $v0                                      0x08007098   Number         0  drleqf.o(x$fpl$drleqf)
    x$fpl$drleqf                             0x08007098   Section      108  drleqf.o(x$fpl$drleqf)
    $v0                                      0x08007104   Number         0  f2d.o(x$fpl$f2d)
    x$fpl$f2d                                0x08007104   Section       86  f2d.o(x$fpl$f2d)
    $v0                                      0x0800715a   Number         0  fnaninf.o(x$fpl$fnaninf)
    x$fpl$fnaninf                            0x0800715a   Section      140  fnaninf.o(x$fpl$fnaninf)
    $v0                                      0x080071e6   Number         0  fpinit.o(x$fpl$fpinit)
    x$fpl$fpinit                             0x080071e6   Section       26  fpinit.o(x$fpl$fpinit)
    $v0                                      0x08007200   Number         0  fretinf.o(x$fpl$fretinf)
    x$fpl$fretinf                            0x08007200   Section       10  fretinf.o(x$fpl$fretinf)
    $v0                                      0x0800720a   Number         0  istatus.o(x$fpl$ieeestatus)
    x$fpl$ieeestatus                         0x0800720a   Section        6  istatus.o(x$fpl$ieeestatus)
    $v0                                      0x08007210   Number         0  printf1.o(x$fpl$printf1)
    x$fpl$printf1                            0x08007210   Section        4  printf1.o(x$fpl$printf1)
    $v0                                      0x08007214   Number         0  retnan.o(x$fpl$retnan)
    x$fpl$retnan                             0x08007214   Section      100  retnan.o(x$fpl$retnan)
    $v0                                      0x08007278   Number         0  scalbn.o(x$fpl$scalbn)
    x$fpl$scalbn                             0x08007278   Section       92  scalbn.o(x$fpl$scalbn)
    $v0                                      0x080072d4   Number         0  scanf1.o(x$fpl$scanf1)
    x$fpl$scanf1                             0x080072d4   Section        4  scanf1.o(x$fpl$scanf1)
    $v0                                      0x080072d8   Number         0  scanf2.o(x$fpl$scanf2)
    x$fpl$scanf2                             0x080072d8   Section        8  scanf2.o(x$fpl$scanf2)
    $v0                                      0x080072e0   Number         0  trapv.o(x$fpl$trapveneer)
    x$fpl$trapveneer                         0x080072e0   Section       48  trapv.o(x$fpl$trapveneer)
    maptable                                 0x08007310   Data          17  __printf_flags_wp.o(.constdata)
    .constdata                               0x08007310   Section       17  __printf_flags_wp.o(.constdata)
    x$fpl$usenofp                            0x08007310   Section        0  usenofp.o(x$fpl$usenofp)
    logahi                                   0x08007324   Data          32  log10f.o(.constdata)
    .constdata                               0x08007324   Section       64  log10f.o(.constdata)
    logalo                                   0x08007344   Data          32  log10f.o(.constdata)
    tenpwrs_x                                0x08007364   Data          60  bigflt0.o(.constdata)
    .constdata                               0x08007364   Section      148  bigflt0.o(.constdata)
    tenpwrs_i                                0x080073a0   Data          64  bigflt0.o(.constdata)
    .Lswitch.table.ngatquetled               0x080073f8   Data          64  p5.o(.rodata..Lswitch.table.ngatquetled)
    .L.str                                   0x08007488   Data          10  main.o(.rodata.str1.1)
    [Anonymous Symbol]                       0x08007488   Section        0  main.o(.rodata.str1.1)
    .L.str.9                                 0x08007492   Data           7  main.o(.rodata.str1.1)
    .L.str.8                                 0x08007499   Data           5  main.o(.rodata.str1.1)
    .L.str.1                                 0x0800749e   Data          22  main.o(.rodata.str1.1)
    c$$dinf                                  0x080074d4   Section        8  fpconst.o(c$$dinf)
    c$$dmax                                  0x080074dc   Section        8  fpconst.o(c$$dmax)
    locale$$data                             0x080074e4   Section       28  lc_numeric_c.o(locale$$data)
    __lcnum_c_name                           0x080074e8   Data           2  lc_numeric_c.o(locale$$data)
    __lcnum_c_start                          0x080074f0   Data           0  lc_numeric_c.o(locale$$data)
    __lcnum_c_point                          0x080074fc   Data           0  lc_numeric_c.o(locale$$data)
    __lcnum_c_thousands                      0x080074fe   Data           0  lc_numeric_c.o(locale$$data)
    __lcnum_c_grouping                       0x080074ff   Data           0  lc_numeric_c.o(locale$$data)
    __lcnum_c_end                            0x08007500   Data           0  lc_numeric_c.o(locale$$data)
    locale$$data                             0x08007500   Section      272  lc_ctype_c.o(locale$$data)
    __lcctype_c_name                         0x08007504   Data           2  lc_ctype_c.o(locale$$data)
    __lcctype_c_start                        0x0800750c   Data           0  lc_ctype_c.o(locale$$data)
    __lcctype_c_end                          0x08007610   Data           0  lc_ctype_c.o(locale$$data)
    .L_MergedGlobals                         0x20000000   Data           8  stm32f4xx_hal.o(.data..L_MergedGlobals)
    [Anonymous Symbol]                       0x20000000   Section        0  stm32f4xx_hal.o(.data..L_MergedGlobals)
    .bss                                     0x200002b0   Section       96  libspace.o(.bss)
    .L_MergedGlobals                         0x20000310   Data           8  p5.o(.bss..L_MergedGlobals)
    [Anonymous Symbol]                       0x20000310   Section        0  p5.o(.bss..L_MergedGlobals)
    .L_MergedGlobals                         0x20000318   Data         106  main.o(.bss..L_MergedGlobals)
    [Anonymous Symbol]                       0x20000318   Section        0  main.o(.bss..L_MergedGlobals)
    Heap_Mem                                 0x200007a8   Data         512  startup_stm32f407xx.o(HEAP)
    HEAP                                     0x200007a8   Section      512  startup_stm32f407xx.o(HEAP)
    Stack_Mem                                0x200009a8   Data        1024  startup_stm32f407xx.o(STACK)
    STACK                                    0x200009a8   Section     1024  startup_stm32f407xx.o(STACK)
    __initial_sp                             0x20000da8   Data           0  startup_stm32f407xx.o(STACK)

    Global Symbols

    Symbol Name                              Value     Ov Type        Size  Object(Section)

    BuildAttributes$$THM_ISAv4$E$P$D$K$B$S$7EM$VFPi3$EXTD16$VFPS$VFMA$PE$A:L22UL41UL21$X:L11$S22US41US21$IEEE1$IW$~IW$USESV6$~STKCKD$USESV7$~SHL$OTIME$ROPI$IEEEX$EBA8$UX$STANDARDLIB$REQ8$PRES8$EABIv2 0x00000000   Number         0  anon$$obj.o ABSOLUTE
    _printf_flags                            0x00000000   Number         0  printf_stubs.o ABSOLUTE
    _printf_return_value                     0x00000000   Number         0  printf_stubs.o ABSOLUTE
    _printf_sizespec                         0x00000000   Number         0  printf_stubs.o ABSOLUTE
    _printf_widthprec                        0x00000000   Number         0  printf_stubs.o ABSOLUTE
    __ARM_exceptions_init                     - Undefined Weak Reference
    __alloca_initialize                       - Undefined Weak Reference
    __arm_preinit_                            - Undefined Weak Reference
    __arm_relocate_pie_                       - Undefined Weak Reference
    __cpp_initialize__aeabi_                  - Undefined Weak Reference
    __cxa_finalize                            - Undefined Weak Reference
    __sigvec_lookup                           - Undefined Weak Reference
    _atexit_init                              - Undefined Weak Reference
    _call_atexit_fns                          - Undefined Weak Reference
    _clock_init                               - Undefined Weak Reference
    _fp_trap_init                             - Undefined Weak Reference
    _fp_trap_shutdown                         - Undefined Weak Reference
    _get_lc_collate                           - Undefined Weak Reference
    _get_lc_monetary                          - Undefined Weak Reference
    _get_lc_time                              - Undefined Weak Reference
    _getenv_init                              - Undefined Weak Reference
    _handle_redirection                       - Undefined Weak Reference
    _init_alloc                               - Undefined Weak Reference
    _init_user_alloc                          - Undefined Weak Reference
    _initio                                   - Undefined Weak Reference
    _printf_mbtowc                            - Undefined Weak Reference
    _printf_truncate_signed                   - Undefined Weak Reference
    _printf_truncate_unsigned                 - Undefined Weak Reference
    _rand_init                                - Undefined Weak Reference
    _scanf_longlong                           - Undefined Weak Reference
    _scanf_mbtowc                             - Undefined Weak Reference
    _scanf_wctomb                             - Undefined Weak Reference
    _scanf_wstring                            - Undefined Weak Reference
    _signal_finish                            - Undefined Weak Reference
    _signal_init                              - Undefined Weak Reference
    _terminate_alloc                          - Undefined Weak Reference
    _terminate_user_alloc                     - Undefined Weak Reference
    _terminateio                              - Undefined Weak Reference
    __Vectors_Size                           0x00000188   Number         0  startup_stm32f407xx.o ABSOLUTE
    __Vectors                                0x08000000   Data           4  startup_stm32f407xx.o(RESET)
    __Vectors_End                            0x08000188   Data           0  startup_stm32f407xx.o(RESET)
    __main                                   0x08000189   Thumb Code     8  __main.o(!!!main)
    __scatterload                            0x08000191   Thumb Code     0  __scatter.o(!!!scatter)
    __scatterload_rt2                        0x08000191   Thumb Code    44  __scatter.o(!!!scatter)
    __scatterload_rt2_thumb_only             0x08000191   Thumb Code     0  __scatter.o(!!!scatter)
    __scatterload_null                       0x0800019f   Thumb Code     0  __scatter.o(!!!scatter)
    __decompress                             0x080001c5   Thumb Code    90  __dczerorl2.o(!!dczerorl2)
    __decompress1                            0x080001c5   Thumb Code     0  __dczerorl2.o(!!dczerorl2)
    __scatterload_zeroinit                   0x08000221   Thumb Code    28  __scatter_zi.o(!!handler_zi)
    _printf_f                                0x0800023d   Thumb Code     0  _printf_f.o(.ARM.Collect$$_printf_percent$$00000003)
    _printf_percent                          0x0800023d   Thumb Code     0  _printf_percent.o(.ARM.Collect$$_printf_percent$$00000000)
    _printf_d                                0x08000243   Thumb Code     0  _printf_d.o(.ARM.Collect$$_printf_percent$$00000009)
    _printf_s                                0x08000249   Thumb Code     0  _printf_s.o(.ARM.Collect$$_printf_percent$$00000014)
    _printf_percent_end                      0x0800024f   Thumb Code     0  _printf_percent_end.o(.ARM.Collect$$_printf_percent$$00000017)
    __rt_lib_init                            0x08000253   Thumb Code     0  libinit.o(.ARM.Collect$$libinit$$00000000)
    __rt_lib_init_fp_1                       0x08000255   Thumb Code     0  libinit2.o(.ARM.Collect$$libinit$$00000001)
    __rt_lib_init_heap_1                     0x08000259   Thumb Code     0  libinit2.o(.ARM.Collect$$libinit$$0000000C)
    __rt_lib_init_lc_common                  0x08000259   Thumb Code     0  libinit2.o(.ARM.Collect$$libinit$$00000011)
    __rt_lib_init_preinit_1                  0x08000259   Thumb Code     0  libinit2.o(.ARM.Collect$$libinit$$00000006)
    __rt_lib_init_rand_1                     0x08000259   Thumb Code     0  libinit2.o(.ARM.Collect$$libinit$$00000010)
    __rt_lib_init_relocate_pie_1             0x08000259   Thumb Code     0  libinit2.o(.ARM.Collect$$libinit$$00000004)
    __rt_lib_init_user_alloc_1               0x08000259   Thumb Code     0  libinit2.o(.ARM.Collect$$libinit$$0000000E)
    __rt_lib_init_lc_collate_1               0x0800025f   Thumb Code     0  libinit2.o(.ARM.Collect$$libinit$$00000013)
    __rt_lib_init_lc_ctype_2                 0x0800025f   Thumb Code     0  libinit2.o(.ARM.Collect$$libinit$$00000014)
    __rt_lib_init_lc_ctype_1                 0x0800026b   Thumb Code     0  libinit2.o(.ARM.Collect$$libinit$$00000015)
    __rt_lib_init_lc_monetary_1              0x0800026b   Thumb Code     0  libinit2.o(.ARM.Collect$$libinit$$00000017)
    __rt_lib_init_lc_numeric_2               0x0800026b   Thumb Code     0  libinit2.o(.ARM.Collect$$libinit$$00000018)
    __rt_lib_init_alloca_1                   0x08000275   Thumb Code     0  libinit2.o(.ARM.Collect$$libinit$$00000030)
    __rt_lib_init_argv_1                     0x08000275   Thumb Code     0  libinit2.o(.ARM.Collect$$libinit$$0000002E)
    __rt_lib_init_atexit_1                   0x08000275   Thumb Code     0  libinit2.o(.ARM.Collect$$libinit$$0000001D)
    __rt_lib_init_clock_1                    0x08000275   Thumb Code     0  libinit2.o(.ARM.Collect$$libinit$$00000023)
    __rt_lib_init_cpp_1                      0x08000275   Thumb Code     0  libinit2.o(.ARM.Collect$$libinit$$00000034)
    __rt_lib_init_exceptions_1               0x08000275   Thumb Code     0  libinit2.o(.ARM.Collect$$libinit$$00000032)
    __rt_lib_init_fp_trap_1                  0x08000275   Thumb Code     0  libinit2.o(.ARM.Collect$$libinit$$00000021)
    __rt_lib_init_getenv_1                   0x08000275   Thumb Code     0  libinit2.o(.ARM.Collect$$libinit$$00000025)
    __rt_lib_init_lc_numeric_1               0x08000275   Thumb Code     0  libinit2.o(.ARM.Collect$$libinit$$00000019)
    __rt_lib_init_lc_time_1                  0x08000275   Thumb Code     0  libinit2.o(.ARM.Collect$$libinit$$0000001B)
    __rt_lib_init_return                     0x08000275   Thumb Code     0  libinit2.o(.ARM.Collect$$libinit$$00000035)
    __rt_lib_init_signal_1                   0x08000275   Thumb Code     0  libinit2.o(.ARM.Collect$$libinit$$0000001F)
    __rt_lib_init_stdio_1                    0x08000275   Thumb Code     0  libinit2.o(.ARM.Collect$$libinit$$00000027)
    __rt_lib_shutdown                        0x08000277   Thumb Code     0  libshutdown.o(.ARM.Collect$$libshutdown$$00000000)
    __rt_lib_shutdown_cpp_1                  0x08000279   Thumb Code     0  libshutdown2.o(.ARM.Collect$$libshutdown$$00000002)
    __rt_lib_shutdown_fp_trap_1              0x08000279   Thumb Code     0  libshutdown2.o(.ARM.Collect$$libshutdown$$00000007)
    __rt_lib_shutdown_heap_1                 0x08000279   Thumb Code     0  libshutdown2.o(.ARM.Collect$$libshutdown$$0000000F)
    __rt_lib_shutdown_return                 0x08000279   Thumb Code     0  libshutdown2.o(.ARM.Collect$$libshutdown$$00000010)
    __rt_lib_shutdown_signal_1               0x08000279   Thumb Code     0  libshutdown2.o(.ARM.Collect$$libshutdown$$0000000A)
    __rt_lib_shutdown_stdio_1                0x08000279   Thumb Code     0  libshutdown2.o(.ARM.Collect$$libshutdown$$00000004)
    __rt_lib_shutdown_user_alloc_1           0x08000279   Thumb Code     0  libshutdown2.o(.ARM.Collect$$libshutdown$$0000000C)
    __rt_entry                               0x0800027b   Thumb Code     0  __rtentry.o(.ARM.Collect$$rtentry$$00000000)
    __rt_entry_presh_1                       0x0800027b   Thumb Code     0  __rtentry2.o(.ARM.Collect$$rtentry$$00000002)
    __rt_entry_sh                            0x0800027b   Thumb Code     0  __rtentry4.o(.ARM.Collect$$rtentry$$00000004)
    __rt_entry_li                            0x08000281   Thumb Code     0  __rtentry2.o(.ARM.Collect$$rtentry$$0000000A)
    __rt_entry_postsh_1                      0x08000281   Thumb Code     0  __rtentry2.o(.ARM.Collect$$rtentry$$00000009)
    __rt_entry_main                          0x08000285   Thumb Code     0  __rtentry2.o(.ARM.Collect$$rtentry$$0000000D)
    __rt_entry_postli_1                      0x08000285   Thumb Code     0  __rtentry2.o(.ARM.Collect$$rtentry$$0000000C)
    __rt_exit                                0x0800028d   Thumb Code     0  rtexit.o(.ARM.Collect$$rtexit$$00000000)
    __rt_exit_ls                             0x0800028f   Thumb Code     0  rtexit2.o(.ARM.Collect$$rtexit$$00000003)
    __rt_exit_prels_1                        0x0800028f   Thumb Code     0  rtexit2.o(.ARM.Collect$$rtexit$$00000002)
    __rt_exit_exit                           0x08000293   Thumb Code     0  rtexit2.o(.ARM.Collect$$rtexit$$00000004)
    Reset_Handler                            0x08000299   Thumb Code     8  startup_stm32f407xx.o(.text)
    ADC_IRQHandler                           0x080002b3   Thumb Code     0  startup_stm32f407xx.o(.text)
    CAN1_RX0_IRQHandler                      0x080002b3   Thumb Code     0  startup_stm32f407xx.o(.text)
    CAN1_RX1_IRQHandler                      0x080002b3   Thumb Code     0  startup_stm32f407xx.o(.text)
    CAN1_SCE_IRQHandler                      0x080002b3   Thumb Code     0  startup_stm32f407xx.o(.text)
    CAN1_TX_IRQHandler                       0x080002b3   Thumb Code     0  startup_stm32f407xx.o(.text)
    CAN2_RX0_IRQHandler                      0x080002b3   Thumb Code     0  startup_stm32f407xx.o(.text)
    CAN2_RX1_IRQHandler                      0x080002b3   Thumb Code     0  startup_stm32f407xx.o(.text)
    CAN2_SCE_IRQHandler                      0x080002b3   Thumb Code     0  startup_stm32f407xx.o(.text)
    CAN2_TX_IRQHandler                       0x080002b3   Thumb Code     0  startup_stm32f407xx.o(.text)
    DCMI_IRQHandler                          0x080002b3   Thumb Code     0  startup_stm32f407xx.o(.text)
    DMA1_Stream0_IRQHandler                  0x080002b3   Thumb Code     0  startup_stm32f407xx.o(.text)
    DMA1_Stream1_IRQHandler                  0x080002b3   Thumb Code     0  startup_stm32f407xx.o(.text)
    DMA1_Stream2_IRQHandler                  0x080002b3   Thumb Code     0  startup_stm32f407xx.o(.text)
    DMA1_Stream3_IRQHandler                  0x080002b3   Thumb Code     0  startup_stm32f407xx.o(.text)
    DMA1_Stream4_IRQHandler                  0x080002b3   Thumb Code     0  startup_stm32f407xx.o(.text)
    DMA1_Stream5_IRQHandler                  0x080002b3   Thumb Code     0  startup_stm32f407xx.o(.text)
    DMA1_Stream6_IRQHandler                  0x080002b3   Thumb Code     0  startup_stm32f407xx.o(.text)
    DMA1_Stream7_IRQHandler                  0x080002b3   Thumb Code     0  startup_stm32f407xx.o(.text)
    DMA2_Stream0_IRQHandler                  0x080002b3   Thumb Code     0  startup_stm32f407xx.o(.text)
    DMA2_Stream1_IRQHandler                  0x080002b3   Thumb Code     0  startup_stm32f407xx.o(.text)
    DMA2_Stream2_IRQHandler                  0x080002b3   Thumb Code     0  startup_stm32f407xx.o(.text)
    DMA2_Stream3_IRQHandler                  0x080002b3   Thumb Code     0  startup_stm32f407xx.o(.text)
    DMA2_Stream4_IRQHandler                  0x080002b3   Thumb Code     0  startup_stm32f407xx.o(.text)
    DMA2_Stream5_IRQHandler                  0x080002b3   Thumb Code     0  startup_stm32f407xx.o(.text)
    DMA2_Stream6_IRQHandler                  0x080002b3   Thumb Code     0  startup_stm32f407xx.o(.text)
    DMA2_Stream7_IRQHandler                  0x080002b3   Thumb Code     0  startup_stm32f407xx.o(.text)
    ETH_IRQHandler                           0x080002b3   Thumb Code     0  startup_stm32f407xx.o(.text)
    ETH_WKUP_IRQHandler                      0x080002b3   Thumb Code     0  startup_stm32f407xx.o(.text)
    EXTI0_IRQHandler                         0x080002b3   Thumb Code     0  startup_stm32f407xx.o(.text)
    EXTI15_10_IRQHandler                     0x080002b3   Thumb Code     0  startup_stm32f407xx.o(.text)
    EXTI1_IRQHandler                         0x080002b3   Thumb Code     0  startup_stm32f407xx.o(.text)
    EXTI2_IRQHandler                         0x080002b3   Thumb Code     0  startup_stm32f407xx.o(.text)
    EXTI3_IRQHandler                         0x080002b3   Thumb Code     0  startup_stm32f407xx.o(.text)
    EXTI4_IRQHandler                         0x080002b3   Thumb Code     0  startup_stm32f407xx.o(.text)
    EXTI9_5_IRQHandler                       0x080002b3   Thumb Code     0  startup_stm32f407xx.o(.text)
    FLASH_IRQHandler                         0x080002b3   Thumb Code     0  startup_stm32f407xx.o(.text)
    FMC_IRQHandler                           0x080002b3   Thumb Code     0  startup_stm32f407xx.o(.text)
    FPU_IRQHandler                           0x080002b3   Thumb Code     0  startup_stm32f407xx.o(.text)
    HASH_RNG_IRQHandler                      0x080002b3   Thumb Code     0  startup_stm32f407xx.o(.text)
    I2C1_ER_IRQHandler                       0x080002b3   Thumb Code     0  startup_stm32f407xx.o(.text)
    I2C1_EV_IRQHandler                       0x080002b3   Thumb Code     0  startup_stm32f407xx.o(.text)
    I2C2_ER_IRQHandler                       0x080002b3   Thumb Code     0  startup_stm32f407xx.o(.text)
    I2C2_EV_IRQHandler                       0x080002b3   Thumb Code     0  startup_stm32f407xx.o(.text)
    I2C3_ER_IRQHandler                       0x080002b3   Thumb Code     0  startup_stm32f407xx.o(.text)
    I2C3_EV_IRQHandler                       0x080002b3   Thumb Code     0  startup_stm32f407xx.o(.text)
    OTG_FS_IRQHandler                        0x080002b3   Thumb Code     0  startup_stm32f407xx.o(.text)
    OTG_FS_WKUP_IRQHandler                   0x080002b3   Thumb Code     0  startup_stm32f407xx.o(.text)
    OTG_HS_EP1_IN_IRQHandler                 0x080002b3   Thumb Code     0  startup_stm32f407xx.o(.text)
    OTG_HS_EP1_OUT_IRQHandler                0x080002b3   Thumb Code     0  startup_stm32f407xx.o(.text)
    OTG_HS_IRQHandler                        0x080002b3   Thumb Code     0  startup_stm32f407xx.o(.text)
    OTG_HS_WKUP_IRQHandler                   0x080002b3   Thumb Code     0  startup_stm32f407xx.o(.text)
    PVD_IRQHandler                           0x080002b3   Thumb Code     0  startup_stm32f407xx.o(.text)
    RCC_IRQHandler                           0x080002b3   Thumb Code     0  startup_stm32f407xx.o(.text)
    RTC_Alarm_IRQHandler                     0x080002b3   Thumb Code     0  startup_stm32f407xx.o(.text)
    RTC_WKUP_IRQHandler                      0x080002b3   Thumb Code     0  startup_stm32f407xx.o(.text)
    SDIO_IRQHandler                          0x080002b3   Thumb Code     0  startup_stm32f407xx.o(.text)
    SPI1_IRQHandler                          0x080002b3   Thumb Code     0  startup_stm32f407xx.o(.text)
    SPI2_IRQHandler                          0x080002b3   Thumb Code     0  startup_stm32f407xx.o(.text)
    SPI3_IRQHandler                          0x080002b3   Thumb Code     0  startup_stm32f407xx.o(.text)
    TAMP_STAMP_IRQHandler                    0x080002b3   Thumb Code     0  startup_stm32f407xx.o(.text)
    TIM1_BRK_TIM9_IRQHandler                 0x080002b3   Thumb Code     0  startup_stm32f407xx.o(.text)
    TIM1_CC_IRQHandler                       0x080002b3   Thumb Code     0  startup_stm32f407xx.o(.text)
    TIM1_TRG_COM_TIM11_IRQHandler            0x080002b3   Thumb Code     0  startup_stm32f407xx.o(.text)
    TIM1_UP_TIM10_IRQHandler                 0x080002b3   Thumb Code     0  startup_stm32f407xx.o(.text)
    TIM2_IRQHandler                          0x080002b3   Thumb Code     0  startup_stm32f407xx.o(.text)
    TIM3_IRQHandler                          0x080002b3   Thumb Code     0  startup_stm32f407xx.o(.text)
    TIM5_IRQHandler                          0x080002b3   Thumb Code     0  startup_stm32f407xx.o(.text)
    TIM6_DAC_IRQHandler                      0x080002b3   Thumb Code     0  startup_stm32f407xx.o(.text)
    TIM7_IRQHandler                          0x080002b3   Thumb Code     0  startup_stm32f407xx.o(.text)
    TIM8_BRK_TIM12_IRQHandler                0x080002b3   Thumb Code     0  startup_stm32f407xx.o(.text)
    TIM8_CC_IRQHandler                       0x080002b3   Thumb Code     0  startup_stm32f407xx.o(.text)
    TIM8_TRG_COM_TIM14_IRQHandler            0x080002b3   Thumb Code     0  startup_stm32f407xx.o(.text)
    TIM8_UP_TIM13_IRQHandler                 0x080002b3   Thumb Code     0  startup_stm32f407xx.o(.text)
    UART4_IRQHandler                         0x080002b3   Thumb Code     0  startup_stm32f407xx.o(.text)
    UART5_IRQHandler                         0x080002b3   Thumb Code     0  startup_stm32f407xx.o(.text)
    USART2_IRQHandler                        0x080002b3   Thumb Code     0  startup_stm32f407xx.o(.text)
    USART3_IRQHandler                        0x080002b3   Thumb Code     0  startup_stm32f407xx.o(.text)
    USART6_IRQHandler                        0x080002b3   Thumb Code     0  startup_stm32f407xx.o(.text)
    WWDG_IRQHandler                          0x080002b3   Thumb Code     0  startup_stm32f407xx.o(.text)
    __user_initial_stackheap                 0x080002b5   Thumb Code     0  startup_stm32f407xx.o(.text)
    __aeabi_uldivmod                         0x080002d9   Thumb Code     0  lludivv7m.o(.text)
    _ll_udiv                                 0x080002d9   Thumb Code   240  lludivv7m.o(.text)
    __2sprintf                               0x080003c9   Thumb Code    34  noretval__2sprintf.o(.text)
    __2snprintf                              0x080003f1   Thumb Code    58  noretval__2snprintf.o(.text)
    _printf_pre_padding                      0x08000431   Thumb Code    44  _printf_pad.o(.text)
    _printf_post_padding                     0x0800045d   Thumb Code    34  _printf_pad.o(.text)
    _printf_str                              0x0800047f   Thumb Code    82  _printf_str.o(.text)
    _printf_int_dec                          0x080004d1   Thumb Code   104  _printf_dec.o(.text)
    __printf                                 0x08000549   Thumb Code   308  __printf_flags_wp.o(.text)
    __0sscanf                                0x08000681   Thumb Code    52  __0sscanf.o(.text)
    _scanf_int                               0x080006bd   Thumb Code   332  _scanf_int.o(.text)
    _scanf_string                            0x08000809   Thumb Code   224  _scanf_str.o(.text)
    strcpy                                   0x080008e9   Thumb Code    72  strcpy.o(.text)
    strlen                                   0x08000931   Thumb Code    62  strlen.o(.text)
    __use_two_region_memory                  0x0800096f   Thumb Code     2  heapauxi.o(.text)
    __rt_heap_escrow$2region                 0x08000971   Thumb Code     2  heapauxi.o(.text)
    __rt_heap_expand$2region                 0x08000973   Thumb Code     2  heapauxi.o(.text)
    __read_errno                             0x08000975   Thumb Code    10  _rserrno.o(.text)
    __set_errno                              0x0800097f   Thumb Code    12  _rserrno.o(.text)
    _printf_int_common                       0x0800098b   Thumb Code   178  _printf_intcommon.o(.text)
    _printf_fp_dec_real                      0x08000bed   Thumb Code   620  _printf_fp_dec.o(.text)
    _printf_char_common                      0x08000e63   Thumb Code    32  _printf_char_common.o(.text)
    _sputc                                   0x08000e89   Thumb Code    10  _sputc.o(.text)
    _snputc                                  0x08000e93   Thumb Code    16  _snputc.o(.text)
    _printf_cs_common                        0x08000ea3   Thumb Code    20  _printf_char.o(.text)
    _printf_char                             0x08000eb7   Thumb Code    16  _printf_char.o(.text)
    _printf_string                           0x08000ec7   Thumb Code     8  _printf_char.o(.text)
    _chval                                   0x08000ecf   Thumb Code    28  _chval.o(.text)
    _scanf_really_real                       0x08001139   Thumb Code   684  scanf_fp.o(.text)
    __vfscanf_char                           0x080013f1   Thumb Code    24  scanf_char.o(.text)
    _sgetc                                   0x08001411   Thumb Code    30  _sgetc.o(.text)
    _sbackspace                              0x0800142f   Thumb Code    34  _sgetc.o(.text)
    __rt_locale                              0x08001451   Thumb Code     8  rt_locale_intlibspace.o(.text)
    __aeabi_errno_addr                       0x08001459   Thumb Code     8  rt_errno_addr_intlibspace.o(.text)
    __errno$intlibspace                      0x08001459   Thumb Code     0  rt_errno_addr_intlibspace.o(.text)
    __rt_errno_addr$intlibspace              0x08001459   Thumb Code     0  rt_errno_addr_intlibspace.o(.text)
    __aeabi_llsl                             0x08001461   Thumb Code     0  llshl.o(.text)
    _ll_shift_l                              0x08001461   Thumb Code    38  llshl.o(.text)
    _ll_udiv10                               0x08001487   Thumb Code   138  lludiv10.o(.text)
    isspace                                  0x08001511   Thumb Code    18  isspace.o(.text)
    _printf_fp_infnan                        0x08001525   Thumb Code   112  _printf_fp_infnan.o(.text)
    __vfscanf                                0x080015a5   Thumb Code   878  _scanf.o(.text)
    _btod_etento                             0x08001919   Thumb Code   224  bigflt0.o(.text)
    __user_libspace                          0x080019fd   Thumb Code     8  libspace.o(.text)
    __user_perproc_libspace                  0x080019fd   Thumb Code     0  libspace.o(.text)
    __user_perthread_libspace                0x080019fd   Thumb Code     0  libspace.o(.text)
    __user_setup_stackheap                   0x08001a05   Thumb Code    74  sys_stackheap_outer.o(.text)
    __rt_ctype_table                         0x08001a51   Thumb Code    16  rt_ctype_table.o(.text)
    _scanf_really_hex_real                   0x08001a61   Thumb Code   786  scanf_hexfp.o(.text)
    _scanf_really_infnan                     0x08001d81   Thumb Code   292  scanf_infnan.o(.text)
    exit                                     0x08001eb5   Thumb Code    18  exit.o(.text)
    strcmp                                   0x08001ec9   Thumb Code   124  strcmpv7em.o(.text)
    _sys_exit                                0x08001f45   Thumb Code     8  sys_exit.o(.text)
    __I$use$semihosting                      0x08001f51   Thumb Code     0  use_no_semi.o(.text)
    __use_no_semihosting_swi                 0x08001f51   Thumb Code     2  use_no_semi.o(.text)
    __semihosting_library_function           0x08001f53   Thumb Code     0  indicate_semi.o(.text)
    BusFault_Handler                         0x08001f55   Thumb Code     2  stm32f4xx_it.o(.text.BusFault_Handler)
    DebugMon_Handler                         0x08001f59   Thumb Code     2  stm32f4xx_it.o(.text.DebugMon_Handler)
    HAL_ADC_ConfigChannel                    0x08001f5d   Thumb Code   326  stm32f4xx_hal_adc.o(.text.HAL_ADC_ConfigChannel)
    HAL_ADC_GetValue                         0x080020a5   Thumb Code     6  stm32f4xx_hal_adc.o(.text.HAL_ADC_GetValue)
    HAL_ADC_Init                             0x080020ad   Thumb Code   350  stm32f4xx_hal_adc.o(.text.HAL_ADC_Init)
    HAL_ADC_MspInit                          0x0800220d   Thumb Code   100  stm32f4xx_hal_msp.o(.text.HAL_ADC_MspInit)
    HAL_ADC_PollForConversion                0x08002271   Thumb Code   252  stm32f4xx_hal_adc.o(.text.HAL_ADC_PollForConversion)
    HAL_ADC_Start                            0x0800236d   Thumb Code   342  stm32f4xx_hal_adc.o(.text.HAL_ADC_Start)
    HAL_DMA_Abort                            0x080024c5   Thumb Code   142  stm32f4xx_hal_dma.o(.text.HAL_DMA_Abort)
    HAL_DMA_Abort_IT                         0x08002555   Thumb Code    36  stm32f4xx_hal_dma.o(.text.HAL_DMA_Abort_IT)
    HAL_Delay                                0x08002579   Thumb Code    40  stm32f4xx_hal.o(.text.HAL_Delay)
    HAL_GPIO_Init                            0x080025a1   Thumb Code   422  stm32f4xx_hal_gpio.o(.text.HAL_GPIO_Init)
    HAL_GPIO_ReadPin                         0x08002749   Thumb Code    10  stm32f4xx_hal_gpio.o(.text.HAL_GPIO_ReadPin)
    HAL_GPIO_WritePin                        0x08002755   Thumb Code    10  stm32f4xx_hal_gpio.o(.text.HAL_GPIO_WritePin)
    HAL_GetTick                              0x08002761   Thumb Code    12  stm32f4xx_hal.o(.text.HAL_GetTick)
    HAL_IncTick                              0x0800276d   Thumb Code    26  stm32f4xx_hal.o(.text.HAL_IncTick)
    HAL_Init                                 0x08002789   Thumb Code    54  stm32f4xx_hal.o(.text.HAL_Init)
    HAL_InitTick                             0x080027c1   Thumb Code    72  stm32f4xx_hal.o(.text.HAL_InitTick)
    HAL_MspInit                              0x08002809   Thumb Code    56  stm32f4xx_hal_msp.o(.text.HAL_MspInit)
    HAL_NVIC_EnableIRQ                       0x08002841   Thumb Code    38  stm32f4xx_hal_cortex.o(.text.HAL_NVIC_EnableIRQ)
    HAL_NVIC_SetPriority                     0x08002869   Thumb Code    86  stm32f4xx_hal_cortex.o(.text.HAL_NVIC_SetPriority)
    HAL_NVIC_SetPriorityGrouping             0x080028c1   Thumb Code    32  stm32f4xx_hal_cortex.o(.text.HAL_NVIC_SetPriorityGrouping)
    HAL_RCC_ClockConfig                      0x080028e1   Thumb Code   352  stm32f4xx_hal_rcc.o(.text.HAL_RCC_ClockConfig)
    HAL_RCC_GetPCLK1Freq                     0x08002a41   Thumb Code    38  stm32f4xx_hal_rcc.o(.text.HAL_RCC_GetPCLK1Freq)
    HAL_RCC_GetPCLK2Freq                     0x08002a69   Thumb Code    38  stm32f4xx_hal_rcc.o(.text.HAL_RCC_GetPCLK2Freq)
    HAL_RCC_GetSysClockFreq                  0x08002a91   Thumb Code   106  stm32f4xx_hal_rcc.o(.text.HAL_RCC_GetSysClockFreq)
    HAL_RCC_OscConfig                        0x08002afd   Thumb Code   884  stm32f4xx_hal_rcc.o(.text.HAL_RCC_OscConfig)
    HAL_SYSTICK_Config                       0x08002e71   Thumb Code    44  stm32f4xx_hal_cortex.o(.text.HAL_SYSTICK_Config)
    HAL_TIMEx_BreakCallback                  0x08002e9d   Thumb Code     2  stm32f4xx_hal_tim_ex.o(.text.HAL_TIMEx_BreakCallback)
    HAL_TIMEx_CommutCallback                 0x08002ea1   Thumb Code     2  stm32f4xx_hal_tim_ex.o(.text.HAL_TIMEx_CommutCallback)
    HAL_TIMEx_MasterConfigSynchronization    0x08002ea5   Thumb Code   182  stm32f4xx_hal_tim_ex.o(.text.HAL_TIMEx_MasterConfigSynchronization)
    HAL_TIM_Base_Init                        0x08002f5d   Thumb Code    90  stm32f4xx_hal_tim.o(.text.HAL_TIM_Base_Init)
    HAL_TIM_Base_MspInit                     0x08002fb9   Thumb Code   116  stm32f4xx_hal_msp.o(.text.HAL_TIM_Base_MspInit)
    HAL_TIM_Base_Start                       0x0800302d   Thumb Code   162  stm32f4xx_hal_tim.o(.text.HAL_TIM_Base_Start)
    HAL_TIM_Base_Start_IT                    0x080030d1   Thumb Code   170  stm32f4xx_hal_tim.o(.text.HAL_TIM_Base_Start_IT)
    HAL_TIM_Base_Stop                        0x0800317d   Thumb Code    52  stm32f4xx_hal_tim.o(.text.HAL_TIM_Base_Stop)
    HAL_TIM_Base_Stop_IT                     0x080031b1   Thumb Code    60  stm32f4xx_hal_tim.o(.text.HAL_TIM_Base_Stop_IT)
    HAL_TIM_ConfigClockSource                0x080031ed   Thumb Code   412  stm32f4xx_hal_tim.o(.text.HAL_TIM_ConfigClockSource)
    HAL_TIM_IC_CaptureCallback               0x08003389   Thumb Code     2  stm32f4xx_hal_tim.o(.text.HAL_TIM_IC_CaptureCallback)
    HAL_TIM_IRQHandler                       0x0800338d   Thumb Code   334  stm32f4xx_hal_tim.o(.text.HAL_TIM_IRQHandler)
    HAL_TIM_OC_DelayElapsedCallback          0x080034dd   Thumb Code     2  stm32f4xx_hal_tim.o(.text.HAL_TIM_OC_DelayElapsedCallback)
    HAL_TIM_PWM_PulseFinishedCallback        0x080034e1   Thumb Code     2  stm32f4xx_hal_tim.o(.text.HAL_TIM_PWM_PulseFinishedCallback)
    HAL_TIM_PeriodElapsedCallback            0x080034e5   Thumb Code    20  main.o(.text.HAL_TIM_PeriodElapsedCallback)
    HAL_TIM_TriggerCallback                  0x080034f9   Thumb Code     2  stm32f4xx_hal_tim.o(.text.HAL_TIM_TriggerCallback)
    HAL_UARTEx_RxEventCallback               0x080034fd   Thumb Code     2  stm32f4xx_hal_uart.o(.text.HAL_UARTEx_RxEventCallback)
    HAL_UART_ErrorCallback                   0x08003501   Thumb Code     2  stm32f4xx_hal_uart.o(.text.HAL_UART_ErrorCallback)
    HAL_UART_IRQHandler                      0x08003505   Thumb Code  1380  stm32f4xx_hal_uart.o(.text.HAL_UART_IRQHandler)
    HAL_UART_Init                            0x08003a69   Thumb Code    96  stm32f4xx_hal_uart.o(.text.HAL_UART_Init)
    HAL_UART_MspInit                         0x08003ac9   Thumb Code   122  stm32f4xx_hal_msp.o(.text.HAL_UART_MspInit)
    HAL_UART_Receive                         0x08003b45   Thumb Code   542  stm32f4xx_hal_uart.o(.text.HAL_UART_Receive)
    HAL_UART_RxCpltCallback                  0x08003d65   Thumb Code     2  stm32f4xx_hal_uart.o(.text.HAL_UART_RxCpltCallback)
    HAL_UART_Transmit                        0x08003d69   Thumb Code   376  stm32f4xx_hal_uart.o(.text.HAL_UART_Transmit)
    HAL_UART_TxCpltCallback                  0x08003ee1   Thumb Code     2  stm32f4xx_hal_uart.o(.text.HAL_UART_TxCpltCallback)
    HardFault_Handler                        0x08003ee5   Thumb Code     2  stm32f4xx_it.o(.text.HardFault_Handler)
    Matrix_chonvitri                         0x08003ee9   Thumb Code    14  p5.o(.text.Matrix_chonvitri)
    Matrix_clearArea                         0x08003ef9   Thumb Code   118  p5.o(.text.Matrix_clearArea)
    Matrix_guichuoi                          0x08003f71   Thumb Code    34  p5.o(.text.Matrix_guichuoi)
    Matrix_guichuoi_MAKE_COLOR               0x08003f95   Thumb Code    36  p5.o(.text.Matrix_guichuoi_MAKE_COLOR)
    Matrix_guikitu                           0x08003fb9   Thumb Code  1136  p5.o(.text.Matrix_guikitu)
    Matrix_showIcon                          0x08004429   Thumb Code   474  p5.o(.text.Matrix_showIcon)
    MemManage_Handler                        0x08004605   Thumb Code     2  stm32f4xx_it.o(.text.MemManage_Handler)
    NMI_Handler                              0x08004609   Thumb Code     2  stm32f4xx_it.o(.text.NMI_Handler)
    PendSV_Handler                           0x0800460d   Thumb Code     2  stm32f4xx_it.o(.text.PendSV_Handler)
    SVC_Handler                              0x08004611   Thumb Code     2  stm32f4xx_it.o(.text.SVC_Handler)
    SysTick_Handler                          0x08004615   Thumb Code     4  stm32f4xx_it.o(.text.SysTick_Handler)
    SystemClock_Config                       0x08004619   Thumb Code   164  main.o(.text.SystemClock_Config)
    SystemInit                               0x080046bd   Thumb Code    18  system_stm32f4xx.o(.text.SystemInit)
    TIM4_IRQHandler                          0x080046d1   Thumb Code    12  stm32f4xx_it.o(.text.TIM4_IRQHandler)
    TIM_Base_SetConfig                       0x080046dd   Thumb Code   332  stm32f4xx_hal_tim.o(.text.TIM_Base_SetConfig)
    USART1_IRQHandler                        0x08004a25   Thumb Code    12  stm32f4xx_it.o(.text.USART1_IRQHandler)
    UsageFault_Handler                       0x08004a31   Thumb Code     2  stm32f4xx_it.o(.text.UsageFault_Handler)
    env                                      0x08004a35   Thumb Code   276  main.o(.text.env)
    init_dht11                               0x08004b51   Thumb Code     8  mk_dht11.o(.text.init_dht11)
    main                                     0x08004b59   Thumb Code  2808  main.o(.text.main)
    ngatquetled                              0x08005685   Thumb Code   892  p5.o(.text.ngatquetled)
    readDHT11                                0x08005a01   Thumb Code   458  mk_dht11.o(.text.readDHT11)
    weather                                  0x08005bcd   Thumb Code   272  main.o(.text.weather)
    _btod_d2e                                0x08005d05   Thumb Code    62  btod.o(CL$$btod_d2e)
    _d2e_denorm_low                          0x08005d43   Thumb Code    70  btod.o(CL$$btod_d2e_denorm_low)
    _d2e_norm_op1                            0x08005d89   Thumb Code    96  btod.o(CL$$btod_d2e_norm_op1)
    __btod_div_common                        0x08005de9   Thumb Code   696  btod.o(CL$$btod_div_common)
    _e2d                                     0x08006121   Thumb Code   122  btod.o(CL$$btod_e2d)
    _e2e                                     0x080061a5   Thumb Code   220  btod.o(CL$$btod_e2e)
    _btod_ediv                               0x08006281   Thumb Code    42  btod.o(CL$$btod_ediv)
    _btod_edivd                              0x080062ab   Thumb Code    42  btod.o(CL$$btod_edivd)
    _btod_emul                               0x080062d5   Thumb Code    42  btod.o(CL$$btod_emul)
    _btod_emuld                              0x080062ff   Thumb Code    42  btod.o(CL$$btod_emuld)
    __btod_mult_common                       0x08006329   Thumb Code   580  btod.o(CL$$btod_mult_common)
    __ARM_fpclassify                         0x0800656d   Thumb Code    48  fpclassify.o(i.__ARM_fpclassify)
    __hardfp___mathlib_tofloat               0x080065a1   Thumb Code   232  narrow.o(i.__hardfp___mathlib_tofloat)
    __hardfp_ldexp                           0x08006699   Thumb Code   200  ldexp.o(i.__hardfp_ldexp)
    __hardfp_log10f                          0x08006769   Thumb Code   332  log10f.o(i.__hardfp_log10f)
    __mathlib_dbl_overflow                   0x080068e9   Thumb Code    24  dunder.o(i.__mathlib_dbl_overflow)
    __mathlib_dbl_underflow                  0x08006909   Thumb Code    24  dunder.o(i.__mathlib_dbl_underflow)
    __mathlib_flt_divzero                    0x08006929   Thumb Code    14  funder.o(i.__mathlib_flt_divzero)
    __mathlib_flt_infnan                     0x0800693d   Thumb Code     6  funder.o(i.__mathlib_flt_infnan)
    __mathlib_flt_invalid                    0x08006945   Thumb Code    10  funder.o(i.__mathlib_flt_invalid)
    __mathlib_narrow                         0x08006955   Thumb Code    18  narrow.o(i.__mathlib_narrow)
    __support_ldexp                          0x08006967   Thumb Code    20  ldexp.o(i.__support_ldexp)
    _is_digit                                0x0800697b   Thumb Code    14  __printf_wp.o(i._is_digit)
    frexp                                    0x08006989   Thumb Code   118  frexp.o(i.frexp)
    _get_lc_numeric                          0x08006a15   Thumb Code    44  lc_numeric_c.o(locale$$code)
    _get_lc_ctype                            0x08006a41   Thumb Code    44  lc_ctype_c.o(locale$$code)
    __aeabi_d2f                              0x08006a6d   Thumb Code     0  d2f.o(x$fpl$d2f)
    _d2f                                     0x08006a6d   Thumb Code    98  d2f.o(x$fpl$d2f)
    __fpl_dcheck_NaN1                        0x08006ad1   Thumb Code    10  dcheck1.o(x$fpl$dcheck1)
    __fpl_dcmp_Inf                           0x08006ae1   Thumb Code    24  dcmpi.o(x$fpl$dcmpinf)
    __aeabi_ddiv                             0x08006af9   Thumb Code     0  ddiv.o(x$fpl$ddiv)
    _ddiv                                    0x08006af9   Thumb Code   556  ddiv.o(x$fpl$ddiv)
    __aeabi_cdcmpeq                          0x08006dad   Thumb Code     0  deqf.o(x$fpl$deqf)
    _dcmpeq                                  0x08006dad   Thumb Code   120  deqf.o(x$fpl$deqf)
    __aeabi_cdcmple                          0x08006e25   Thumb Code     0  dleqf.o(x$fpl$dleqf)
    _dcmple                                  0x08006e25   Thumb Code   120  dleqf.o(x$fpl$dleqf)
    __fpl_dcmple_InfNaN                      0x08006e87   Thumb Code     0  dleqf.o(x$fpl$dleqf)
    __aeabi_dmul                             0x08006e9d   Thumb Code     0  dmul.o(x$fpl$dmul)
    _dmul                                    0x08006e9d   Thumb Code   332  dmul.o(x$fpl$dmul)
    __fpl_dnaninf                            0x08006ff1   Thumb Code   156  dnaninf.o(x$fpl$dnaninf)
    __fpl_dretinf                            0x0800708d   Thumb Code    12  dretinf.o(x$fpl$dretinf)
    __aeabi_cdrcmple                         0x08007099   Thumb Code     0  drleqf.o(x$fpl$drleqf)
    _drcmple                                 0x08007099   Thumb Code   108  drleqf.o(x$fpl$drleqf)
    __aeabi_f2d                              0x08007105   Thumb Code     0  f2d.o(x$fpl$f2d)
    _f2d                                     0x08007105   Thumb Code    86  f2d.o(x$fpl$f2d)
    __fpl_fnaninf                            0x0800715b   Thumb Code   140  fnaninf.o(x$fpl$fnaninf)
    _fp_init                                 0x080071e7   Thumb Code    26  fpinit.o(x$fpl$fpinit)
    __fplib_config_fpu_vfp                   0x080071ff   Thumb Code     0  fpinit.o(x$fpl$fpinit)
    __fplib_config_pureend_doubles           0x080071ff   Thumb Code     0  fpinit.o(x$fpl$fpinit)
    __fpl_fretinf                            0x08007201   Thumb Code    10  fretinf.o(x$fpl$fretinf)
    __ieee_status                            0x0800720b   Thumb Code     6  istatus.o(x$fpl$ieeestatus)
    _printf_fp_dec                           0x08007211   Thumb Code     4  printf1.o(x$fpl$printf1)
    __fpl_return_NaN                         0x08007215   Thumb Code   100  retnan.o(x$fpl$retnan)
    __ARM_scalbn                             0x08007279   Thumb Code    92  scalbn.o(x$fpl$scalbn)
    _scanf_real                              0x080072d5   Thumb Code     4  scanf1.o(x$fpl$scanf1)
    _scanf_hex_real                          0x080072d9   Thumb Code     4  scanf2.o(x$fpl$scanf2)
    _scanf_infnan                            0x080072dd   Thumb Code     4  scanf2.o(x$fpl$scanf2)
    __fpl_cmpreturn                          0x080072e1   Thumb Code    48  trapv.o(x$fpl$trapveneer)
    __I$use$fp                               0x08007310   Number         0  usenofp.o(x$fpl$usenofp)
    AHBPrescTable                            0x08007438   Data          16  system_stm32f4xx.o(.rodata.AHBPrescTable)
    APBPrescTable                            0x08007448   Data           8  system_stm32f4xx.o(.rodata.APBPrescTable)
    icon                                     0x08007450   Data          56  p5.o(.rodata.icon)
    Region$$Table$$Base                      0x080074b4   Number         0  anon$$obj.o(Region$$Table)
    Region$$Table$$Limit                     0x080074d4   Number         0  anon$$obj.o(Region$$Table)
    __aeabi_HUGE_VAL                         0x080074d4   Data           0  fpconst.o(c$$dinf)
    __aeabi_HUGE_VALL                        0x080074d4   Data           0  fpconst.o(c$$dinf)
    __aeabi_INFINITY                         0x080074d4   Data           0  fpconst.o(c$$dinf)
    __dInf                                   0x080074d4   Data           0  fpconst.o(c$$dinf)
    __huge_val                               0x080074d4   Data           0  fpconst.o(c$$dinf)
    __dbl_max                                0x080074dc   Data           0  fpconst.o(c$$dmax)
    __ctype                                  0x0800750d   Data           0  lc_ctype_c.o(locale$$data)
    uwTickFreq                               0x20000000   Data           1  stm32f4xx_hal.o(.data..L_MergedGlobals)
    uwTickPrio                               0x20000004   Data           4  stm32f4xx_hal.o(.data..L_MergedGlobals)
    SystemCoreClock                          0x20000008   Data           4  system_stm32f4xx.o(.data.SystemCoreClock)
    font                                     0x2000000c   Data         665  p5.o(.data.font)
    mod                                      0x200002a8   Data           4  main.o(.data.mod)
    __libspace_start                         0x200002b0   Data          96  libspace.o(.bss)
    MatrixX                                  0x20000310   Data           4  p5.o(.bss..L_MergedGlobals)
    __temporary_stack_top$libspace           0x20000310   Data           0  libspace.o(.bss)
    MatrixY                                  0x20000314   Data           4  p5.o(.bss..L_MergedGlobals)
    rain                                     0x20000318   Data           4  main.o(.bss..L_MergedGlobals)
    wind                                     0x2000031c   Data           4  main.o(.bss..L_MergedGlobals)
    temp                                     0x20000320   Data           4  main.o(.bss..L_MergedGlobals)
    hum                                      0x20000324   Data           4  main.o(.bss..L_MergedGlobals)
    LDR                                      0x20000328   Data           4  main.o(.bss..L_MergedGlobals)
    MIC                                      0x2000032c   Data           4  main.o(.bss..L_MergedGlobals)
    MQ2                                      0x20000330   Data           4  main.o(.bss..L_MergedGlobals)
    times                                    0x20000334   Data           9  main.o(.bss..L_MergedGlobals)
    day                                      0x2000033d   Data           9  main.o(.bss..L_MergedGlobals)
    days                                     0x20000346   Data          11  main.o(.bss..L_MergedGlobals)
    dht                                      0x20000354   Data          16  main.o(.bss..L_MergedGlobals)
    msg                                      0x20000364   Data          30  main.o(.bss..L_MergedGlobals)
    buffer_display                           0x20000382   Data         768  p5.o(.bss.buffer_display)
    dem_hang                                 0x20000682   Data           1  p5.o(.bss.dem_hang)
    hadc1                                    0x20000684   Data          72  main.o(.bss.hadc1)
    htim3                                    0x200006cc   Data          72  main.o(.bss.htim3)
    htim4                                    0x20000714   Data          72  main.o(.bss.htim4)
    huart1                                   0x2000075c   Data          72  main.o(.bss.huart1)
    uwTick                                   0x200007a4   Data           4  stm32f4xx_hal.o(.bss.uwTick)



==============================================================================

Memory Map of the image

  Image Entry point : 0x08000189

  Load Region LR_IROM1 (Base: 0x08000000, Size: 0x000078c0, Max: 0x00080000, ABSOLUTE, COMPRESSED[0x000077e0])

    Execution Region ER_IROM1 (Exec base: 0x08000000, Load base: 0x08000000, Size: 0x00007610, Max: 0x00080000, ABSOLUTE)

    Exec Addr    Load Addr    Size         Type   Attr      Idx    E Section Name        Object

    0x08000000   0x08000000   0x00000188   Data   RO            3    RESET               startup_stm32f407xx.o
    0x08000188   0x08000188   0x00000008   Code   RO         1146  * !!!main             c_w.l(__main.o)
    0x08000190   0x08000190   0x00000034   Code   RO         1542    !!!scatter          c_w.l(__scatter.o)
    0x080001c4   0x080001c4   0x0000005a   Code   RO         1540    !!dczerorl2         c_w.l(__dczerorl2.o)
    0x0800021e   0x0800021e   0x00000002   PAD
    0x08000220   0x08000220   0x0000001c   Code   RO         1544    !!handler_zi        c_w.l(__scatter_zi.o)
    0x0800023c   0x0800023c   0x00000000   Code   RO         1133    .ARM.Collect$$_printf_percent$$00000000  c_w.l(_printf_percent.o)
    0x0800023c   0x0800023c   0x00000006   Code   RO         1132    .ARM.Collect$$_printf_percent$$00000003  c_w.l(_printf_f.o)
    0x08000242   0x08000242   0x00000006   Code   RO         1131    .ARM.Collect$$_printf_percent$$00000009  c_w.l(_printf_d.o)
    0x08000248   0x08000248   0x00000006   Code   RO         1130    .ARM.Collect$$_printf_percent$$00000014  c_w.l(_printf_s.o)
    0x0800024e   0x0800024e   0x00000004   Code   RO         1196    .ARM.Collect$$_printf_percent$$00000017  c_w.l(_printf_percent_end.o)
    0x08000252   0x08000252   0x00000002   Code   RO         1350    .ARM.Collect$$libinit$$00000000  c_w.l(libinit.o)
    0x08000254   0x08000254   0x00000004   Code   RO         1351    .ARM.Collect$$libinit$$00000001  c_w.l(libinit2.o)
    0x08000258   0x08000258   0x00000000   Code   RO         1354    .ARM.Collect$$libinit$$00000004  c_w.l(libinit2.o)
    0x08000258   0x08000258   0x00000000   Code   RO         1356    .ARM.Collect$$libinit$$00000006  c_w.l(libinit2.o)
    0x08000258   0x08000258   0x00000000   Code   RO         1359    .ARM.Collect$$libinit$$0000000C  c_w.l(libinit2.o)
    0x08000258   0x08000258   0x00000000   Code   RO         1361    .ARM.Collect$$libinit$$0000000E  c_w.l(libinit2.o)
    0x08000258   0x08000258   0x00000000   Code   RO         1363    .ARM.Collect$$libinit$$00000010  c_w.l(libinit2.o)
    0x08000258   0x08000258   0x00000006   Code   RO         1364    .ARM.Collect$$libinit$$00000011  c_w.l(libinit2.o)
    0x0800025e   0x0800025e   0x00000000   Code   RO         1366    .ARM.Collect$$libinit$$00000013  c_w.l(libinit2.o)
    0x0800025e   0x0800025e   0x0000000c   Code   RO         1367    .ARM.Collect$$libinit$$00000014  c_w.l(libinit2.o)
    0x0800026a   0x0800026a   0x00000000   Code   RO         1368    .ARM.Collect$$libinit$$00000015  c_w.l(libinit2.o)
    0x0800026a   0x0800026a   0x00000000   Code   RO         1370    .ARM.Collect$$libinit$$00000017  c_w.l(libinit2.o)
    0x0800026a   0x0800026a   0x0000000a   Code   RO         1371    .ARM.Collect$$libinit$$00000018  c_w.l(libinit2.o)
    0x08000274   0x08000274   0x00000000   Code   RO         1372    .ARM.Collect$$libinit$$00000019  c_w.l(libinit2.o)
    0x08000274   0x08000274   0x00000000   Code   RO         1374    .ARM.Collect$$libinit$$0000001B  c_w.l(libinit2.o)
    0x08000274   0x08000274   0x00000000   Code   RO         1376    .ARM.Collect$$libinit$$0000001D  c_w.l(libinit2.o)
    0x08000274   0x08000274   0x00000000   Code   RO         1378    .ARM.Collect$$libinit$$0000001F  c_w.l(libinit2.o)
    0x08000274   0x08000274   0x00000000   Code   RO         1380    .ARM.Collect$$libinit$$00000021  c_w.l(libinit2.o)
    0x08000274   0x08000274   0x00000000   Code   RO         1382    .ARM.Collect$$libinit$$00000023  c_w.l(libinit2.o)
    0x08000274   0x08000274   0x00000000   Code   RO         1384    .ARM.Collect$$libinit$$00000025  c_w.l(libinit2.o)
    0x08000274   0x08000274   0x00000000   Code   RO         1386    .ARM.Collect$$libinit$$00000027  c_w.l(libinit2.o)
    0x08000274   0x08000274   0x00000000   Code   RO         1390    .ARM.Collect$$libinit$$0000002E  c_w.l(libinit2.o)
    0x08000274   0x08000274   0x00000000   Code   RO         1392    .ARM.Collect$$libinit$$00000030  c_w.l(libinit2.o)
    0x08000274   0x08000274   0x00000000   Code   RO         1394    .ARM.Collect$$libinit$$00000032  c_w.l(libinit2.o)
    0x08000274   0x08000274   0x00000000   Code   RO         1396    .ARM.Collect$$libinit$$00000034  c_w.l(libinit2.o)
    0x08000274   0x08000274   0x00000002   Code   RO         1397    .ARM.Collect$$libinit$$00000035  c_w.l(libinit2.o)
    0x08000276   0x08000276   0x00000002   Code   RO         1493    .ARM.Collect$$libshutdown$$00000000  c_w.l(libshutdown.o)
    0x08000278   0x08000278   0x00000000   Code   RO         1519    .ARM.Collect$$libshutdown$$00000002  c_w.l(libshutdown2.o)
    0x08000278   0x08000278   0x00000000   Code   RO         1521    .ARM.Collect$$libshutdown$$00000004  c_w.l(libshutdown2.o)
    0x08000278   0x08000278   0x00000000   Code   RO         1524    .ARM.Collect$$libshutdown$$00000007  c_w.l(libshutdown2.o)
    0x08000278   0x08000278   0x00000000   Code   RO         1527    .ARM.Collect$$libshutdown$$0000000A  c_w.l(libshutdown2.o)
    0x08000278   0x08000278   0x00000000   Code   RO         1529    .ARM.Collect$$libshutdown$$0000000C  c_w.l(libshutdown2.o)
    0x08000278   0x08000278   0x00000000   Code   RO         1532    .ARM.Collect$$libshutdown$$0000000F  c_w.l(libshutdown2.o)
    0x08000278   0x08000278   0x00000002   Code   RO         1533    .ARM.Collect$$libshutdown$$00000010  c_w.l(libshutdown2.o)
    0x0800027a   0x0800027a   0x00000000   Code   RO         1175    .ARM.Collect$$rtentry$$00000000  c_w.l(__rtentry.o)
    0x0800027a   0x0800027a   0x00000000   Code   RO         1231    .ARM.Collect$$rtentry$$00000002  c_w.l(__rtentry2.o)
    0x0800027a   0x0800027a   0x00000006   Code   RO         1243    .ARM.Collect$$rtentry$$00000004  c_w.l(__rtentry4.o)
    0x08000280   0x08000280   0x00000000   Code   RO         1233    .ARM.Collect$$rtentry$$00000009  c_w.l(__rtentry2.o)
    0x08000280   0x08000280   0x00000004   Code   RO         1234    .ARM.Collect$$rtentry$$0000000A  c_w.l(__rtentry2.o)
    0x08000284   0x08000284   0x00000000   Code   RO         1236    .ARM.Collect$$rtentry$$0000000C  c_w.l(__rtentry2.o)
    0x08000284   0x08000284   0x00000008   Code   RO         1237    .ARM.Collect$$rtentry$$0000000D  c_w.l(__rtentry2.o)
    0x0800028c   0x0800028c   0x00000002   Code   RO         1408    .ARM.Collect$$rtexit$$00000000  c_w.l(rtexit.o)
    0x0800028e   0x0800028e   0x00000000   Code   RO         1442    .ARM.Collect$$rtexit$$00000002  c_w.l(rtexit2.o)
    0x0800028e   0x0800028e   0x00000004   Code   RO         1443    .ARM.Collect$$rtexit$$00000003  c_w.l(rtexit2.o)
    0x08000292   0x08000292   0x00000006   Code   RO         1444    .ARM.Collect$$rtexit$$00000004  c_w.l(rtexit2.o)
    0x08000298   0x08000298   0x00000040   Code   RO            4    .text               startup_stm32f407xx.o
    0x080002d8   0x080002d8   0x000000f0   Code   RO         1092    .text               c_w.l(lludivv7m.o)
    0x080003c8   0x080003c8   0x00000028   Code   RO         1098    .text               c_w.l(noretval__2sprintf.o)
    0x080003f0   0x080003f0   0x00000040   Code   RO         1100    .text               c_w.l(noretval__2snprintf.o)
    0x08000430   0x08000430   0x0000004e   Code   RO         1104    .text               c_w.l(_printf_pad.o)
    0x0800047e   0x0800047e   0x00000052   Code   RO         1106    .text               c_w.l(_printf_str.o)
    0x080004d0   0x080004d0   0x00000078   Code   RO         1108    .text               c_w.l(_printf_dec.o)
    0x08000548   0x08000548   0x00000138   Code   RO         1122    .text               c_w.l(__printf_flags_wp.o)
    0x08000680   0x08000680   0x0000003c   Code   RO         1134    .text               c_w.l(__0sscanf.o)
    0x080006bc   0x080006bc   0x0000014c   Code   RO         1136    .text               c_w.l(_scanf_int.o)
    0x08000808   0x08000808   0x000000e0   Code   RO         1138    .text               c_w.l(_scanf_str.o)
    0x080008e8   0x080008e8   0x00000048   Code   RO         1140    .text               c_w.l(strcpy.o)
    0x08000930   0x08000930   0x0000003e   Code   RO         1142    .text               c_w.l(strlen.o)
    0x0800096e   0x0800096e   0x00000006   Code   RO         1144    .text               c_w.l(heapauxi.o)
    0x08000974   0x08000974   0x00000016   Code   RO         1180    .text               c_w.l(_rserrno.o)
    0x0800098a   0x0800098a   0x000000b2   Code   RO         1182    .text               c_w.l(_printf_intcommon.o)
    0x08000a3c   0x08000a3c   0x0000041c   Code   RO         1184    .text               c_w.l(_printf_fp_dec.o)
    0x08000e58   0x08000e58   0x00000030   Code   RO         1188    .text               c_w.l(_printf_char_common.o)
    0x08000e88   0x08000e88   0x0000000a   Code   RO         1190    .text               c_w.l(_sputc.o)
    0x08000e92   0x08000e92   0x00000010   Code   RO         1192    .text               c_w.l(_snputc.o)
    0x08000ea2   0x08000ea2   0x0000002c   Code   RO         1194    .text               c_w.l(_printf_char.o)
    0x08000ece   0x08000ece   0x0000001c   Code   RO         1197    .text               c_w.l(_chval.o)
    0x08000eea   0x08000eea   0x00000002   PAD
    0x08000eec   0x08000eec   0x000004f8   Code   RO         1199    .text               c_w.l(scanf_fp.o)
    0x080013e4   0x080013e4   0x0000002c   Code   RO         1203    .text               c_w.l(scanf_char.o)
    0x08001410   0x08001410   0x00000040   Code   RO         1205    .text               c_w.l(_sgetc.o)
    0x08001450   0x08001450   0x00000008   Code   RO         1250    .text               c_w.l(rt_locale_intlibspace.o)
    0x08001458   0x08001458   0x00000008   Code   RO         1255    .text               c_w.l(rt_errno_addr_intlibspace.o)
    0x08001460   0x08001460   0x00000026   Code   RO         1257    .text               c_w.l(llshl.o)
    0x08001486   0x08001486   0x0000008a   Code   RO         1259    .text               c_w.l(lludiv10.o)
    0x08001510   0x08001510   0x00000012   Code   RO         1261    .text               c_w.l(isspace.o)
    0x08001522   0x08001522   0x00000002   PAD
    0x08001524   0x08001524   0x00000080   Code   RO         1263    .text               c_w.l(_printf_fp_infnan.o)
    0x080015a4   0x080015a4   0x00000374   Code   RO         1267    .text               c_w.l(_scanf.o)
    0x08001918   0x08001918   0x000000e4   Code   RO         1269    .text               c_w.l(bigflt0.o)
    0x080019fc   0x080019fc   0x00000008   Code   RO         1324    .text               c_w.l(libspace.o)
    0x08001a04   0x08001a04   0x0000004a   Code   RO         1327    .text               c_w.l(sys_stackheap_outer.o)
    0x08001a4e   0x08001a4e   0x00000002   PAD
    0x08001a50   0x08001a50   0x00000010   Code   RO         1329    .text               c_w.l(rt_ctype_table.o)
    0x08001a60   0x08001a60   0x00000320   Code   RO         1331    .text               c_w.l(scanf_hexfp.o)
    0x08001d80   0x08001d80   0x00000134   Code   RO         1333    .text               c_w.l(scanf_infnan.o)
    0x08001eb4   0x08001eb4   0x00000012   Code   RO         1337    .text               c_w.l(exit.o)
    0x08001ec6   0x08001ec6   0x00000002   PAD
    0x08001ec8   0x08001ec8   0x0000007c   Code   RO         1343    .text               c_w.l(strcmpv7em.o)
    0x08001f44   0x08001f44   0x0000000c   Code   RO         1437    .text               c_w.l(sys_exit.o)
    0x08001f50   0x08001f50   0x00000002   Code   RO         1480    .text               c_w.l(use_no_semi.o)
    0x08001f52   0x08001f52   0x00000000   Code   RO         1482    .text               c_w.l(indicate_semi.o)
    0x08001f52   0x08001f52   0x00000002   PAD
    0x08001f54   0x08001f54   0x00000002   Code   RO          108    .text.BusFault_Handler  stm32f4xx_it.o
    0x08001f56   0x08001f56   0x00000002   PAD
    0x08001f58   0x08001f58   0x00000002   Code   RO          114    .text.DebugMon_Handler  stm32f4xx_it.o
    0x08001f5a   0x08001f5a   0x00000002   PAD
    0x08001f5c   0x08001f5c   0x00000146   Code   RO          195    .text.HAL_ADC_ConfigChannel  stm32f4xx_hal_adc.o
    0x080020a2   0x080020a2   0x00000002   PAD
    0x080020a4   0x080020a4   0x00000006   Code   RO          191    .text.HAL_ADC_GetValue  stm32f4xx_hal_adc.o
    0x080020aa   0x080020aa   0x00000002   PAD
    0x080020ac   0x080020ac   0x0000015e   Code   RO          153    .text.HAL_ADC_Init  stm32f4xx_hal_adc.o
    0x0800220a   0x0800220a   0x00000002   PAD
    0x0800220c   0x0800220c   0x00000064   Code   RO          133    .text.HAL_ADC_MspInit  stm32f4xx_hal_msp.o
    0x08002270   0x08002270   0x000000fc   Code   RO          165    .text.HAL_ADC_PollForConversion  stm32f4xx_hal_adc.o
    0x0800236c   0x0800236c   0x00000156   Code   RO          161    .text.HAL_ADC_Start  stm32f4xx_hal_adc.o
    0x080024c2   0x080024c2   0x00000002   PAD
    0x080024c4   0x080024c4   0x0000008e   Code   RO          406    .text.HAL_DMA_Abort  stm32f4xx_hal_dma.o
    0x08002552   0x08002552   0x00000002   PAD
    0x08002554   0x08002554   0x00000024   Code   RO          408    .text.HAL_DMA_Abort_IT  stm32f4xx_hal_dma.o
    0x08002578   0x08002578   0x00000028   Code   RO          565    .text.HAL_Delay     stm32f4xx_hal.o
    0x080025a0   0x080025a0   0x000001a6   Code   RO          360    .text.HAL_GPIO_Init  stm32f4xx_hal_gpio.o
    0x08002746   0x08002746   0x00000002   PAD
    0x08002748   0x08002748   0x0000000a   Code   RO          364    .text.HAL_GPIO_ReadPin  stm32f4xx_hal_gpio.o
    0x08002752   0x08002752   0x00000002   PAD
    0x08002754   0x08002754   0x0000000a   Code   RO          366    .text.HAL_GPIO_WritePin  stm32f4xx_hal_gpio.o
    0x0800275e   0x0800275e   0x00000002   PAD
    0x08002760   0x08002760   0x0000000c   Code   RO          557    .text.HAL_GetTick   stm32f4xx_hal.o
    0x0800276c   0x0800276c   0x0000001a   Code   RO          555    .text.HAL_IncTick   stm32f4xx_hal.o
    0x08002786   0x08002786   0x00000002   PAD
    0x08002788   0x08002788   0x00000036   Code   RO          545    .text.HAL_Init      stm32f4xx_hal.o
    0x080027be   0x080027be   0x00000002   PAD
    0x080027c0   0x080027c0   0x00000048   Code   RO          547    .text.HAL_InitTick  stm32f4xx_hal.o
    0x08002808   0x08002808   0x00000038   Code   RO          131    .text.HAL_MspInit   stm32f4xx_hal_msp.o
    0x08002840   0x08002840   0x00000026   Code   RO          497    .text.HAL_NVIC_EnableIRQ  stm32f4xx_hal_cortex.o
    0x08002866   0x08002866   0x00000002   PAD
    0x08002868   0x08002868   0x00000056   Code   RO          495    .text.HAL_NVIC_SetPriority  stm32f4xx_hal_cortex.o
    0x080028be   0x080028be   0x00000002   PAD
    0x080028c0   0x080028c0   0x00000020   Code   RO          493    .text.HAL_NVIC_SetPriorityGrouping  stm32f4xx_hal_cortex.o
    0x080028e0   0x080028e0   0x00000160   Code   RO          254    .text.HAL_RCC_ClockConfig  stm32f4xx_hal_rcc.o
    0x08002a40   0x08002a40   0x00000026   Code   RO          266    .text.HAL_RCC_GetPCLK1Freq  stm32f4xx_hal_rcc.o
    0x08002a66   0x08002a66   0x00000002   PAD
    0x08002a68   0x08002a68   0x00000026   Code   RO          268    .text.HAL_RCC_GetPCLK2Freq  stm32f4xx_hal_rcc.o
    0x08002a8e   0x08002a8e   0x00000002   PAD
    0x08002a90   0x08002a90   0x0000006a   Code   RO          256    .text.HAL_RCC_GetSysClockFreq  stm32f4xx_hal_rcc.o
    0x08002afa   0x08002afa   0x00000002   PAD
    0x08002afc   0x08002afc   0x00000374   Code   RO          252    .text.HAL_RCC_OscConfig  stm32f4xx_hal_rcc.o
    0x08002e70   0x08002e70   0x0000002c   Code   RO          505    .text.HAL_SYSTICK_Config  stm32f4xx_hal_cortex.o
    0x08002e9c   0x08002e9c   0x00000002   Code   RO          940    .text.HAL_TIMEx_BreakCallback  stm32f4xx_hal_tim_ex.o
    0x08002e9e   0x08002e9e   0x00000002   PAD
    0x08002ea0   0x08002ea0   0x00000002   Code   RO          936    .text.HAL_TIMEx_CommutCallback  stm32f4xx_hal_tim_ex.o
    0x08002ea2   0x08002ea2   0x00000002   PAD
    0x08002ea4   0x08002ea4   0x000000b6   Code   RO          930    .text.HAL_TIMEx_MasterConfigSynchronization  stm32f4xx_hal_tim_ex.o
    0x08002f5a   0x08002f5a   0x00000002   PAD
    0x08002f5c   0x08002f5c   0x0000005a   Code   RO          635    .text.HAL_TIM_Base_Init  stm32f4xx_hal_tim.o
    0x08002fb6   0x08002fb6   0x00000002   PAD
    0x08002fb8   0x08002fb8   0x00000074   Code   RO          137    .text.HAL_TIM_Base_MspInit  stm32f4xx_hal_msp.o
    0x0800302c   0x0800302c   0x000000a2   Code   RO          645    .text.HAL_TIM_Base_Start  stm32f4xx_hal_tim.o
    0x080030ce   0x080030ce   0x00000002   PAD
    0x080030d0   0x080030d0   0x000000aa   Code   RO          649    .text.HAL_TIM_Base_Start_IT  stm32f4xx_hal_tim.o
    0x0800317a   0x0800317a   0x00000002   PAD
    0x0800317c   0x0800317c   0x00000034   Code   RO          647    .text.HAL_TIM_Base_Stop  stm32f4xx_hal_tim.o
    0x080031b0   0x080031b0   0x0000003c   Code   RO          651    .text.HAL_TIM_Base_Stop_IT  stm32f4xx_hal_tim.o
    0x080031ec   0x080031ec   0x0000019c   Code   RO          815    .text.HAL_TIM_ConfigClockSource  stm32f4xx_hal_tim.o
    0x08003388   0x08003388   0x00000002   Code   RO          771    .text.HAL_TIM_IC_CaptureCallback  stm32f4xx_hal_tim.o
    0x0800338a   0x0800338a   0x00000002   PAD
    0x0800338c   0x0800338c   0x0000014e   Code   RO          769    .text.HAL_TIM_IRQHandler  stm32f4xx_hal_tim.o
    0x080034da   0x080034da   0x00000002   PAD
    0x080034dc   0x080034dc   0x00000002   Code   RO          773    .text.HAL_TIM_OC_DelayElapsedCallback  stm32f4xx_hal_tim.o
    0x080034de   0x080034de   0x00000002   PAD
    0x080034e0   0x080034e0   0x00000002   Code   RO          775    .text.HAL_TIM_PWM_PulseFinishedCallback  stm32f4xx_hal_tim.o
    0x080034e2   0x080034e2   0x00000002   PAD
    0x080034e4   0x080034e4   0x00000014   Code   RO           61    .text.HAL_TIM_PeriodElapsedCallback  main.o
    0x080034f8   0x080034f8   0x00000002   Code   RO          779    .text.HAL_TIM_TriggerCallback  stm32f4xx_hal_tim.o
    0x080034fa   0x080034fa   0x00000002   PAD
    0x080034fc   0x080034fc   0x00000002   Code   RO         1040    .text.HAL_UARTEx_RxEventCallback  stm32f4xx_hal_uart.o
    0x080034fe   0x080034fe   0x00000002   PAD
    0x08003500   0x08003500   0x00000002   Code   RO         1038    .text.HAL_UART_ErrorCallback  stm32f4xx_hal_uart.o
    0x08003502   0x08003502   0x00000002   PAD
    0x08003504   0x08003504   0x00000564   Code   RO         1032    .text.HAL_UART_IRQHandler  stm32f4xx_hal_uart.o
    0x08003a68   0x08003a68   0x00000060   Code   RO          954    .text.HAL_UART_Init  stm32f4xx_hal_uart.o
    0x08003ac8   0x08003ac8   0x0000007a   Code   RO          141    .text.HAL_UART_MspInit  stm32f4xx_hal_msp.o
    0x08003b42   0x08003b42   0x00000002   PAD
    0x08003b44   0x08003b44   0x0000021e   Code   RO          972    .text.HAL_UART_Receive  stm32f4xx_hal_uart.o
    0x08003d62   0x08003d62   0x00000002   PAD
    0x08003d64   0x08003d64   0x00000002   Code   RO         1046    .text.HAL_UART_RxCpltCallback  stm32f4xx_hal_uart.o
    0x08003d66   0x08003d66   0x00000002   PAD
    0x08003d68   0x08003d68   0x00000178   Code   RO          970    .text.HAL_UART_Transmit  stm32f4xx_hal_uart.o
    0x08003ee0   0x08003ee0   0x00000002   Code   RO         1042    .text.HAL_UART_TxCpltCallback  stm32f4xx_hal_uart.o
    0x08003ee2   0x08003ee2   0x00000002   PAD
    0x08003ee4   0x08003ee4   0x00000002   Code   RO          104    .text.HardFault_Handler  stm32f4xx_it.o
    0x08003ee6   0x08003ee6   0x00000002   PAD
    0x08003ee8   0x08003ee8   0x0000000e   Code   RO           17    .text.Matrix_chonvitri  p5.o
    0x08003ef6   0x08003ef6   0x00000002   PAD
    0x08003ef8   0x08003ef8   0x00000076   Code   RO           29    .text.Matrix_clearArea  p5.o
    0x08003f6e   0x08003f6e   0x00000002   PAD
    0x08003f70   0x08003f70   0x00000022   Code   RO           23    .text.Matrix_guichuoi  p5.o
    0x08003f92   0x08003f92   0x00000002   PAD
    0x08003f94   0x08003f94   0x00000024   Code   RO           25    .text.Matrix_guichuoi_MAKE_COLOR  p5.o
    0x08003fb8   0x08003fb8   0x00000470   Code   RO           21    .text.Matrix_guikitu  p5.o
    0x08004428   0x08004428   0x000001da   Code   RO           27    .text.Matrix_showIcon  p5.o
    0x08004602   0x08004602   0x00000002   PAD
    0x08004604   0x08004604   0x00000002   Code   RO          106    .text.MemManage_Handler  stm32f4xx_it.o
    0x08004606   0x08004606   0x00000002   PAD
    0x08004608   0x08004608   0x00000002   Code   RO          102    .text.NMI_Handler   stm32f4xx_it.o
    0x0800460a   0x0800460a   0x00000002   PAD
    0x0800460c   0x0800460c   0x00000002   Code   RO          116    .text.PendSV_Handler  stm32f4xx_it.o
    0x0800460e   0x0800460e   0x00000002   PAD
    0x08004610   0x08004610   0x00000002   Code   RO          112    .text.SVC_Handler   stm32f4xx_it.o
    0x08004612   0x08004612   0x00000002   PAD
    0x08004614   0x08004614   0x00000004   Code   RO          118    .text.SysTick_Handler  stm32f4xx_it.o
    0x08004618   0x08004618   0x000000a4   Code   RO           81    .text.SystemClock_Config  main.o
    0x080046bc   0x080046bc   0x00000012   Code   RO         1076    .text.SystemInit    system_stm32f4xx.o
    0x080046ce   0x080046ce   0x00000002   PAD
    0x080046d0   0x080046d0   0x0000000c   Code   RO          120    .text.TIM4_IRQHandler  stm32f4xx_it.o
    0x080046dc   0x080046dc   0x0000014c   Code   RO          639    .text.TIM_Base_SetConfig  stm32f4xx_hal_tim.o
    0x08004828   0x08004828   0x0000000c   Code   RO         1036    .text.UART_DMAAbortOnError  stm32f4xx_hal_uart.o
    0x08004834   0x08004834   0x000000fe   Code   RO         1034    .text.UART_Receive_IT  stm32f4xx_hal_uart.o
    0x08004932   0x08004932   0x00000002   PAD
    0x08004934   0x08004934   0x000000ee   Code   RO          958    .text.UART_SetConfig  stm32f4xx_hal_uart.o
    0x08004a22   0x08004a22   0x00000002   PAD
    0x08004a24   0x08004a24   0x0000000c   Code   RO          122    .text.USART1_IRQHandler  stm32f4xx_it.o
    0x08004a30   0x08004a30   0x00000002   Code   RO          110    .text.UsageFault_Handler  stm32f4xx_it.o
    0x08004a32   0x08004a32   0x00000002   PAD
    0x08004a34   0x08004a34   0x0000011c   Code   RO           75    .text.env           main.o
    0x08004b50   0x08004b50   0x00000008   Code   RO           45    .text.init_dht11    mk_dht11.o
    0x08004b58   0x08004b58   0x00000b2c   Code   RO           79    .text.main          main.o
    0x08005684   0x08005684   0x0000037c   Code   RO           15    .text.ngatquetled   p5.o
    0x08005a00   0x08005a00   0x000001ca   Code   RO           49    .text.readDHT11     mk_dht11.o
    0x08005bca   0x08005bca   0x00000002   PAD
    0x08005bcc   0x08005bcc   0x00000138   Code   RO           71    .text.weather       main.o
    0x08005d04   0x08005d04   0x0000003e   Code   RO         1272    CL$$btod_d2e        c_w.l(btod.o)
    0x08005d42   0x08005d42   0x00000046   Code   RO         1274    CL$$btod_d2e_denorm_low  c_w.l(btod.o)
    0x08005d88   0x08005d88   0x00000060   Code   RO         1273    CL$$btod_d2e_norm_op1  c_w.l(btod.o)
    0x08005de8   0x08005de8   0x00000338   Code   RO         1282    CL$$btod_div_common  c_w.l(btod.o)
    0x08006120   0x08006120   0x00000084   Code   RO         1280    CL$$btod_e2d        c_w.l(btod.o)
    0x080061a4   0x080061a4   0x000000dc   Code   RO         1279    CL$$btod_e2e        c_w.l(btod.o)
    0x08006280   0x08006280   0x0000002a   Code   RO         1276    CL$$btod_ediv       c_w.l(btod.o)
    0x080062aa   0x080062aa   0x0000002a   Code   RO         1278    CL$$btod_edivd      c_w.l(btod.o)
    0x080062d4   0x080062d4   0x0000002a   Code   RO         1275    CL$$btod_emul       c_w.l(btod.o)
    0x080062fe   0x080062fe   0x0000002a   Code   RO         1277    CL$$btod_emuld      c_w.l(btod.o)
    0x08006328   0x08006328   0x00000244   Code   RO         1281    CL$$btod_mult_common  c_w.l(btod.o)
    0x0800656c   0x0800656c   0x00000030   Code   RO         1314    i.__ARM_fpclassify  m_wm.l(fpclassify.o)
    0x0800659c   0x0800659c   0x00000004   PAD
    0x080065a0   0x080065a0   0x000000f8   Code   RO         1316    i.__hardfp___mathlib_tofloat  m_wm.l(narrow.o)
    0x08006698   0x08006698   0x000000d0   Code   RO         1429    i.__hardfp_ldexp    m_wm.l(ldexp.o)
    0x08006768   0x08006768   0x00000180   Code   RO         1168    i.__hardfp_log10f   m_wm.l(log10f.o)
    0x080068e8   0x080068e8   0x00000020   Code   RO         1462    i.__mathlib_dbl_overflow  m_wm.l(dunder.o)
    0x08006908   0x08006908   0x00000020   Code   RO         1464    i.__mathlib_dbl_underflow  m_wm.l(dunder.o)
    0x08006928   0x08006928   0x00000014   Code   RO         1216    i.__mathlib_flt_divzero  m_wm.l(funder.o)
    0x0800693c   0x0800693c   0x00000006   Code   RO         1217    i.__mathlib_flt_infnan  m_wm.l(funder.o)
    0x08006942   0x08006942   0x00000002   PAD
    0x08006944   0x08006944   0x00000010   Code   RO         1219    i.__mathlib_flt_invalid  m_wm.l(funder.o)
    0x08006954   0x08006954   0x00000012   Code   RO         1317    i.__mathlib_narrow  m_wm.l(narrow.o)
    0x08006966   0x08006966   0x00000014   Code   RO         1431    i.__support_ldexp   m_wm.l(ldexp.o)
    0x0800697a   0x0800697a   0x0000000e   Code   RO         1120    i._is_digit         c_w.l(__printf_wp.o)
    0x08006988   0x08006988   0x0000008c   Code   RO         1404    i.frexp             m_wm.l(frexp.o)
    0x08006a14   0x08006a14   0x0000002c   Code   RO         1300    locale$$code        c_w.l(lc_numeric_c.o)
    0x08006a40   0x08006a40   0x0000002c   Code   RO         1415    locale$$code        c_w.l(lc_ctype_c.o)
    0x08006a6c   0x08006a6c   0x00000062   Code   RO         1148    x$fpl$d2f           fz_wm.l(d2f.o)
    0x08006ace   0x08006ace   0x00000002   PAD
    0x08006ad0   0x08006ad0   0x00000010   Code   RO         1500    x$fpl$dcheck1       fz_wm.l(dcheck1.o)
    0x08006ae0   0x08006ae0   0x00000018   Code   RO         1423    x$fpl$dcmpinf       fz_wm.l(dcmpi.o)
    0x08006af8   0x08006af8   0x000002b4   Code   RO         1151    x$fpl$ddiv          fz_wm.l(ddiv.o)
    0x08006dac   0x08006dac   0x00000078   Code   RO         1398    x$fpl$deqf          fz_wm.l(deqf.o)
    0x08006e24   0x08006e24   0x00000078   Code   RO         1425    x$fpl$dleqf         fz_wm.l(dleqf.o)
    0x08006e9c   0x08006e9c   0x00000154   Code   RO         1160    x$fpl$dmul          fz_wm.l(dmul.o)
    0x08006ff0   0x08006ff0   0x0000009c   Code   RO         1207    x$fpl$dnaninf       fz_wm.l(dnaninf.o)
    0x0800708c   0x0800708c   0x0000000c   Code   RO         1209    x$fpl$dretinf       fz_wm.l(dretinf.o)
    0x08007098   0x08007098   0x0000006c   Code   RO         1400    x$fpl$drleqf        fz_wm.l(drleqf.o)
    0x08007104   0x08007104   0x00000056   Code   RO         1162    x$fpl$f2d           fz_wm.l(f2d.o)
    0x0800715a   0x0800715a   0x0000008c   Code   RO         1211    x$fpl$fnaninf       fz_wm.l(fnaninf.o)
    0x080071e6   0x080071e6   0x0000001a   Code   RO         1427    x$fpl$fpinit        fz_wm.l(fpinit.o)
    0x08007200   0x08007200   0x0000000a   Code   RO         1213    x$fpl$fretinf       fz_wm.l(fretinf.o)
    0x0800720a   0x0800720a   0x00000006   Code   RO         1306    x$fpl$ieeestatus    fz_wm.l(istatus.o)
    0x08007210   0x08007210   0x00000004   Code   RO         1164    x$fpl$printf1       fz_wm.l(printf1.o)
    0x08007214   0x08007214   0x00000064   Code   RO         1534    x$fpl$retnan        fz_wm.l(retnan.o)
    0x08007278   0x08007278   0x0000005c   Code   RO         1456    x$fpl$scalbn        fz_wm.l(scalbn.o)
    0x080072d4   0x080072d4   0x00000004   Code   RO         1166    x$fpl$scanf1        fz_wm.l(scanf1.o)
    0x080072d8   0x080072d8   0x00000008   Code   RO         1308    x$fpl$scanf2        fz_wm.l(scanf2.o)
    0x080072e0   0x080072e0   0x00000030   Code   RO         1536    x$fpl$trapveneer    fz_wm.l(trapv.o)
    0x08007310   0x08007310   0x00000000   Code   RO         1215    x$fpl$usenofp       fz_wm.l(usenofp.o)
    0x08007310   0x08007310   0x00000011   Data   RO         1123    .constdata          c_w.l(__printf_flags_wp.o)
    0x08007321   0x08007321   0x00000003   PAD
    0x08007324   0x08007324   0x00000040   Data   RO         1171    .constdata          m_wm.l(log10f.o)
    0x08007364   0x08007364   0x00000094   Data   RO         1270    .constdata          c_w.l(bigflt0.o)
    0x080073f8   0x080073f8   0x00000040   Data   RO           35    .rodata..Lswitch.table.ngatquetled  p5.o
    0x08007438   0x08007438   0x00000010   Data   RO         1081    .rodata.AHBPrescTable  system_stm32f4xx.o
    0x08007448   0x08007448   0x00000008   Data   RO         1082    .rodata.APBPrescTable  system_stm32f4xx.o
    0x08007450   0x08007450   0x00000038   Data   RO           34    .rodata.icon        p5.o
    0x08007488   0x08007488   0x0000002c   Data   RO           88    .rodata.str1.1      main.o
    0x080074b4   0x080074b4   0x00000020   Data   RO         1539    Region$$Table       anon$$obj.o
    0x080074d4   0x080074d4   0x00000008   Data   RO         1302    c$$dinf             fz_wm.l(fpconst.o)
    0x080074dc   0x080074dc   0x00000008   Data   RO         1305    c$$dmax             fz_wm.l(fpconst.o)
    0x080074e4   0x080074e4   0x0000001c   Data   RO         1299    locale$$data        c_w.l(lc_numeric_c.o)
    0x08007500   0x08007500   0x00000110   Data   RO         1414    locale$$data        c_w.l(lc_ctype_c.o)


    Execution Region RW_IRAM1 (Exec base: 0x20000000, Load base: 0x08007610, Size: 0x00000da8, Max: 0x0001c000, ABSOLUTE, COMPRESSED[0x000001d0])

    Exec Addr    Load Addr    Size         Type   Attr      Idx    E Section Name        Object

    0x20000000   COMPRESSED   0x00000008   Data   RW          600    .data..L_MergedGlobals  stm32f4xx_hal.o
    0x20000008   COMPRESSED   0x00000004   Data   RW         1080    .data.SystemCoreClock  system_stm32f4xx.o
    0x2000000c   COMPRESSED   0x00000299   Data   RW           33    .data.font          p5.o
    0x200002a5   COMPRESSED   0x00000003   PAD
    0x200002a8   COMPRESSED   0x00000004   Data   RW           85    .data.mod           main.o
    0x200002ac   COMPRESSED   0x00000004   PAD
    0x200002b0        -       0x00000060   Zero   RW         1325    .bss                c_w.l(libspace.o)
    0x20000310        -       0x00000008   Zero   RW           36    .bss..L_MergedGlobals  p5.o
    0x20000318        -       0x0000006a   Zero   RW           93    .bss..L_MergedGlobals  main.o
    0x20000382        -       0x00000300   Zero   RW           32    .bss.buffer_display  p5.o
    0x20000682        -       0x00000001   Zero   RW           31    .bss.dem_hang       p5.o
    0x20000683   COMPRESSED   0x00000001   PAD
    0x20000684        -       0x00000048   Zero   RW           86    .bss.hadc1          main.o
    0x200006cc        -       0x00000048   Zero   RW           90    .bss.htim3          main.o
    0x20000714        -       0x00000048   Zero   RW           89    .bss.htim4          main.o
    0x2000075c        -       0x00000048   Zero   RW           87    .bss.huart1         main.o
    0x200007a4        -       0x00000004   Zero   RW          599    .bss.uwTick         stm32f4xx_hal.o
    0x200007a8        -       0x00000200   Zero   RW            2    HEAP                startup_stm32f407xx.o
    0x200009a8        -       0x00000400   Zero   RW            1    STACK               startup_stm32f407xx.o


    Execution Region RW_IRAM2 (Exec base: 0x2001c000, Load base: 0x080077e0, Size: 0x00000000, Max: 0x00004000, ABSOLUTE)

    **** No section assigned to this execution region ****


==============================================================================

Image component sizes


      Code (inc. data)   RO Data    RW Data    ZI Data      Debug   Object Name

      3640        112         44          4        394      17530   main.o
       466          0          0          0          0       6881   mk_dht11.o
      2704          0        120        665        777       8885   p5.o
        64         26        392          0       1536        832   startup_stm32f407xx.o
       204          0          0          8          4       7279   stm32f4xx_hal.o
      1276          0          0          0          0      11888   stm32f4xx_hal_adc.o
       200          0          0          0          0      10800   stm32f4xx_hal_cortex.o
       178          0          0          0          0      10582   stm32f4xx_hal_dma.o
       442          0          0          0          0       5241   stm32f4xx_hal_gpio.o
       394          0          0          0          0      10437   stm32f4xx_hal_msp.o
      1418          0          0          0          0       7344   stm32f4xx_hal_rcc.o
      1620          0          0          0          0      55059   stm32f4xx_hal_tim.o
       186          0          0          0          0      21173   stm32f4xx_hal_tim_ex.o
      2906          0          0          0          0      31812   stm32f4xx_hal_uart.o
        44          0          0          0          0       5734   stm32f4xx_it.o
        18          0         24          4          0       2631   system_stm32f4xx.o

    ----------------------------------------------------------------------
     15856        138        612        684       2716     214108   Object Totals
         0          0         32          0          0          0   (incl. Generated)
        96          0          0          3          5          0   (incl. Padding)

    ----------------------------------------------------------------------

      Code (inc. data)   RO Data    RW Data    ZI Data      Debug   Library Member Name

        60          8          0          0          0         84   __0sscanf.o
        90          0          0          0          0          0   __dczerorl2.o
         8          0          0          0          0         68   __main.o
       312          4         17          0          0         92   __printf_flags_wp.o
        14          0          0          0          0         68   __printf_wp.o
         0          0          0          0          0          0   __rtentry.o
        12          0          0          0          0          0   __rtentry2.o
         6          0          0          0          0          0   __rtentry4.o
        52          8          0          0          0          0   __scatter.o
        28          0          0          0          0          0   __scatter_zi.o
        28          0          0          0          0         68   _chval.o
        44          0          0          0          0        108   _printf_char.o
        48          6          0          0          0         96   _printf_char_common.o
         6          0          0          0          0          0   _printf_d.o
       120         16          0          0          0         92   _printf_dec.o
         6          0          0          0          0          0   _printf_f.o
      1052          0          0          0          0        148   _printf_fp_dec.o
       128         16          0          0          0         84   _printf_fp_infnan.o
       178          0          0          0          0         88   _printf_intcommon.o
        78          0          0          0          0        108   _printf_pad.o
         0          0          0          0          0          0   _printf_percent.o
         4          0          0          0          0          0   _printf_percent_end.o
         6          0          0          0          0          0   _printf_s.o
        82          0          0          0          0         80   _printf_str.o
        22          0          0          0          0        100   _rserrno.o
       884          6          0          0          0        100   _scanf.o
       332          0          0          0          0         96   _scanf_int.o
       224          0          0          0          0         96   _scanf_str.o
        64          0          0          0          0         84   _sgetc.o
        16          0          0          0          0         68   _snputc.o
        10          0          0          0          0         68   _sputc.o
       228          4        148          0          0         96   bigflt0.o
      2152        136          0          0          0        956   btod.o
        18          0          0          0          0         80   exit.o
         6          0          0          0          0        152   heapauxi.o
         0          0          0          0          0          0   indicate_semi.o
        18          0          0          0          0         76   isspace.o
        44         10        272          0          0         76   lc_ctype_c.o
        44         10         28          0          0         76   lc_numeric_c.o
         2          0          0          0          0          0   libinit.o
        34          0          0          0          0          0   libinit2.o
         2          0          0          0          0          0   libshutdown.o
         2          0          0          0          0          0   libshutdown2.o
         8          4          0          0         96         68   libspace.o
        38          0          0          0          0         68   llshl.o
       138          0          0          0          0         80   lludiv10.o
       240          0          0          0          0        100   lludivv7m.o
        64          6          0          0          0         84   noretval__2snprintf.o
        40          6          0          0          0         84   noretval__2sprintf.o
        16          4          0          0          0         76   rt_ctype_table.o
         8          4          0          0          0         68   rt_errno_addr_intlibspace.o
         8          4          0          0          0         68   rt_locale_intlibspace.o
         2          0          0          0          0          0   rtexit.o
        10          0          0          0          0          0   rtexit2.o
        44          8          0          0          0         84   scanf_char.o
      1272         16          0          0          0        168   scanf_fp.o
       800         14          0          0          0        100   scanf_hexfp.o
       308         16          0          0          0        100   scanf_infnan.o
       124          0          0          0          0         88   strcmpv7em.o
        72          0          0          0          0         80   strcpy.o
        62          0          0          0          0         76   strlen.o
        12          4          0          0          0         68   sys_exit.o
        74          0          0          0          0         80   sys_stackheap_outer.o
         2          0          0          0          0         68   use_no_semi.o
        98          4          0          0          0        140   d2f.o
        16          4          0          0          0        116   dcheck1.o
        24          0          0          0          0        116   dcmpi.o
       692        140          0          0          0        264   ddiv.o
       120          4          0          0          0        140   deqf.o
       120          4          0          0          0        140   dleqf.o
       340         12          0          0          0        152   dmul.o
       156          4          0          0          0        140   dnaninf.o
        12          0          0          0          0        116   dretinf.o
       108          0          0          0          0        128   drleqf.o
        86          4          0          0          0        132   f2d.o
       140          4          0          0          0        132   fnaninf.o
         0          0         16          0          0          0   fpconst.o
        26          0          0          0          0        116   fpinit.o
        10          0          0          0          0        116   fretinf.o
         6          0          0          0          0        116   istatus.o
         4          0          0          0          0        116   printf1.o
       100          0          0          0          0        116   retnan.o
        92          0          0          0          0        116   scalbn.o
         4          0          0          0          0        116   scanf1.o
         8          0          0          0          0        132   scanf2.o
        48          0          0          0          0        116   trapv.o
         0          0          0          0          0          0   usenofp.o
        64         16          0          0          0        248   dunder.o
        48          0          0          0          0        124   fpclassify.o
       140         22          0          0          0        132   frexp.o
        42         12          0          0          0        348   funder.o
       228          8          0          0          0        308   ldexp.o
       384         52         64          0          0        140   log10f.o
       266         16          0          0          0        308   narrow.o

    ----------------------------------------------------------------------
     13208        616        548          0         96       9300   Library Totals
        20          0          3          0          0          0   (incl. Padding)

    ----------------------------------------------------------------------

      Code (inc. data)   RO Data    RW Data    ZI Data      Debug   Library Name

      9806        310        465          0         96       4916   c_w.l
      2210        180         16          0          0       2776   fz_wm.l
      1172        126         64          0          0       1608   m_wm.l

    ----------------------------------------------------------------------
     13208        616        548          0         96       9300   Library Totals

    ----------------------------------------------------------------------

==============================================================================


      Code (inc. data)   RO Data    RW Data    ZI Data      Debug   

     29064        754       1160        684       2812     217324   Grand Totals
     29064        754       1160        464       2812     217324   ELF Image Totals (compressed)
     29064        754       1160        464          0          0   ROM Totals

==============================================================================

    Total RO  Size (Code + RO Data)                30224 (  29.52kB)
    Total RW  Size (RW Data + ZI Data)              3496 (   3.41kB)
    Total ROM Size (Code + RO Data + RW Data)      30688 (  29.97kB)

==============================================================================

